{"op_code":0,"worker_id":"558788ba-6980-4b20-a357-2522c13ea49d-139158087106688","study_name":"SensorFinger_10_optuna_evolutionary","directions":[2,2]}
{"op_code":4,"worker_id":"558788ba-6980-4b20-a357-2522c13ea49d-139158087106688","study_id":0,"datetime_start":"2026-06-09T10:07:28.892874"}
{"op_code":9,"worker_id":"558788ba-6980-4b20-a357-2522c13ea49d-139158087106688","trial_id":0,"system_attr":{"nsga2:generation":0}}
{"op_code":5,"worker_id":"558788ba-6980-4b20-a357-2522c13ea49d-139158087106688","trial_id":0,"param_name":"JointSlopeAngle","param_value_internal":0.8118861306602887,"distribution":"{\"name\": \"FloatDistribution\", \"attributes\": {\"step\": null, \"low\": 0.17453292519943295, \"high\": 1.0471975511965976, \"log\": false}}"}
{"op_code":5,"worker_id":"558788ba-6980-4b20-a357-2522c13ea49d-139158087106688","trial_id":0,"param_name":"OuterRadius","param_value_internal":10.239892861360188,"distribution":"{\"name\": \"FloatDistribution\", \"attributes\": {\"step\": null, \"low\": 8.75, \"high\": 17.75, \"log\": false}}"}
{"op_code":5,"worker_id":"558788ba-6980-4b20-a357-2522c13ea49d-139158087106688","trial_id":0,"param_name":"JointHeight","param_value_internal":5.133810806448321,"distribution":"{\"name\": \"FloatDistribution\", \"attributes\": {\"step\": null, \"low\": 5.0, \"high\": 8.0, \"log\": false}}"}
{"op_code":5,"worker_id":"558788ba-6980-4b20-a357-2522c13ea49d-139158087106688","trial_id":0,"param_name":"CavityCorkThickness","param_value_internal":4.156265772433331,"distribution":"{\"name\": \"FloatDistribution\", \"attributes\": {\"step\": null, \"low\": 2.0, \"high\": 5.0, \"log\": false}}"}
{"op_code":5,"worker_id":"558788ba-6980-4b20-a357-2522c13ea49d-139158087106688","trial_id":0,"param_name":"BellowHeight","param_value_internal":8.997301894257411,"distribution":"{\"name\": \"FloatDistribution\", \"attributes\": {\"step\": null, \"low\": 6.0, \"high\": 10.0, \"log\": false}}"}
{"op_code":5,"worker_id":"558788ba-6980-4b20-a357-2522c13ea49d-139158087106688","trial_id":0,"param_name":"WallThickness","param_value_internal":2.749974667027808,"distribution":"{\"name\": \"FloatDistribution\", \"attributes\": {\"step\": null, \"low\": 2.0, \"high\": 4.0, \"log\": false}}"}
{"op_code":5,"worker_id":"558788ba-6980-4b20-a357-2522c13ea49d-139158087106688","trial_id":0,"param_name":"PlateauHeight","param_value_internal":2.618808355818566,"distribution":"{\"name\": \"FloatDistribution\", \"attributes\": {\"step\": null, \"low\": 2.0, \"high\": 4.0, \"log\": false}}"}
{"op_code":6,"worker_id":"558788ba-6980-4b20-a357-2522c13ea49d-139158087106688","trial_id":0,"state":1,"values":[11.94139585730315,0.33983532776415215],"datetime_complete":"2026-06-09T10:07:30.739877"}
{"op_code":4,"worker_id":"558788ba-6980-4b20-a357-2522c13ea49d-139158087106688","study_id":0,"datetime_start":"2026-06-09T10:07:30.742010"}
{"op_code":9,"worker_id":"558788ba-6980-4b20-a357-2522c13ea49d-139158087106688","trial_id":1,"system_attr":{"nsga2:generation":0}}
{"op_code":5,"worker_id":"558788ba-6980-4b20-a357-2522c13ea49d-139158087106688","trial_id":1,"param_name":"JointSlopeAngle","param_value_internal":0.22365275108159582,"distribution":"{\"name\": \"FloatDistribution\", \"attributes\": {\"step\": null, \"low\": 0.17453292519943295, \"high\": 1.0471975511965976, \"log\": false}}"}
{"op_code":5,"worker_id":"558788ba-6980-4b20-a357-2522c13ea49d-139158087106688","trial_id":1,"param_name":"OuterRadius","param_value_internal":11.921494205019844,"distribution":"{\"name\": \"FloatDistribution\", \"attributes\": {\"step\": null, \"low\": 8.75, \"high\": 17.75, \"log\": false}}"}
{"op_code":5,"worker_id":"558788ba-6980-4b20-a357-2522c13ea49d-139158087106688","trial_id":1,"param_name":"JointHeight","param_value_internal":5.938192063141578,"distribution":"{\"name\": \"FloatDistribution\", \"attributes\": {\"step\": null, \"low\": 5.0, \"high\": 8.0, \"log\": false}}"}
{"op_code":5,"worker_id":"558788ba-6980-4b20-a357-2522c13ea49d-139158087106688","trial_id":1,"param_name":"CavityCorkThickness","param_value_internal":4.806635214774637,"distribution":"{\"name\": \"FloatDistribution\", \"attributes\": {\"step\": null, \"low\": 2.0, \"high\": 5.0, \"log\": false}}"}
{"op_code":5,"worker_id":"558788ba-6980-4b20-a357-2522c13ea49d-139158087106688","trial_id":1,"param_name":"BellowHeight","param_value_internal":6.023408837229092,"distribution":"{\"name\": \"FloatDistribution\", \"attributes\": {\"step\": null, \"low\": 6.0, \"high\": 10.0, \"log\": false}}"}
{"op_code":5,"worker_id":"558788ba-6980-4b20-a357-2522c13ea49d-139158087106688","trial_id":1,"param_name":"WallThickness","param_value_internal":3.0746283935836134,"distribution":"{\"name\": \"FloatDistribution\", \"attributes\": {\"step\": null, \"low\": 2.0, \"high\": 4.0, \"log\": false}}"}
{"op_code":5,"worker_id":"558788ba-6980-4b20-a357-2522c13ea49d-139158087106688","trial_id":1,"param_name":"PlateauHeight","param_value_internal":3.9960777838624146,"distribution":"{\"name\": \"FloatDistribution\", \"attributes\": {\"step\": null, \"low\": 2.0, \"high\": 4.0, \"log\": false}}"}
{"op_code":6,"worker_id":"558788ba-6980-4b20-a357-2522c13ea49d-139158087106688","trial_id":1,"state":1,"values":[15.168193567056392,0.36730862069893466],"datetime_complete":"2026-06-09T10:07:32.401152"}
{"op_code":4,"worker_id":"558788ba-6980-4b20-a357-2522c13ea49d-139158087106688","study_id":0,"datetime_start":"2026-06-09T10:07:32.402958"}
{"op_code":9,"worker_id":"558788ba-6980-4b20-a357-2522c13ea49d-139158087106688","trial_id":2,"system_attr":{"nsga2:generation":0}}
{"op_code":5,"worker_id":"558788ba-6980-4b20-a357-2522c13ea49d-139158087106688","trial_id":2,"param_name":"JointSlopeAngle","param_value_internal":0.7591672479298349,"distribution":"{\"name\": \"FloatDistribution\", \"attributes\": {\"step\": null, \"low\": 0.17453292519943295, \"high\": 1.0471975511965976, \"log\": false}}"}
{"op_code":5,"worker_id":"558788ba-6980-4b20-a357-2522c13ea49d-139158087106688","trial_id":2,"param_name":"OuterRadius","param_value_internal":9.580543930235724,"distribution":"{\"name\": \"FloatDistribution\", \"attributes\": {\"step\": null, \"low\": 8.75, \"high\": 17.75, \"log\": false}}"}
{"op_code":5,"worker_id":"558788ba-6980-4b20-a357-2522c13ea49d-139158087106688","trial_id":2,"param_name":"JointHeight","param_value_internal":6.681493420401839,"distribution":"{\"name\": \"FloatDistribution\", \"attributes\": {\"step\": null, \"low\": 5.0, \"high\": 8.0, \"log\": false}}"}
{"op_code":5,"worker_id":"558788ba-6980-4b20-a357-2522c13ea49d-139158087106688","trial_id":2,"param_name":"CavityCorkThickness","param_value_internal":2.0476153170168994,"distribution":"{\"name\": \"FloatDistribution\", \"attributes\": {\"step\": null, \"low\": 2.0, \"high\": 5.0, \"log\": false}}"}
{"op_code":5,"worker_id":"558788ba-6980-4b20-a357-2522c13ea49d-139158087106688","trial_id":2,"param_name":"BellowHeight","param_value_internal":7.491029262853008,"distribution":"{\"name\": \"FloatDistribution\", \"attributes\": {\"step\": null, \"low\": 6.0, \"high\": 10.0, \"log\": false}}"}
{"op_code":5,"worker_id":"558788ba-6980-4b20-a357-2522c13ea49d-139158087106688","trial_id":2,"param_name":"WallThickness","param_value_internal":3.2205087409693034,"distribution":"{\"name\": \"FloatDistribution\", \"attributes\": {\"step\": null, \"low\": 2.0, \"high\": 4.0, \"log\": false}}"}
{"op_code":5,"worker_id":"558788ba-6980-4b20-a357-2522c13ea49d-139158087106688","trial_id":2,"param_name":"PlateauHeight","param_value_internal":2.466573594675702,"distribution":"{\"name\": \"FloatDistribution\", \"attributes\": {\"step\": null, \"low\": 2.0, \"high\": 4.0, \"log\": false}}"}
{"op_code":6,"worker_id":"558788ba-6980-4b20-a357-2522c13ea49d-139158087106688","trial_id":2,"state":1,"values":[7.462596347353838,0.350950954398183],"datetime_complete":"2026-06-09T10:07:34.119562"}
{"op_code":4,"worker_id":"558788ba-6980-4b20-a357-2522c13ea49d-139158087106688","study_id":0,"datetime_start":"2026-06-09T10:07:34.121979"}
{"op_code":9,"worker_id":"558788ba-6980-4b20-a357-2522c13ea49d-139158087106688","trial_id":3,"system_attr":{"nsga2:generation":0}}
{"op_code":5,"worker_id":"558788ba-6980-4b20-a357-2522c13ea49d-139158087106688","trial_id":3,"param_name":"JointSlopeAngle","param_value_internal":0.5808152844180399,"distribution":"{\"name\": \"FloatDistribution\", \"attributes\": {\"step\": null, \"low\": 0.17453292519943295, \"high\": 1.0471975511965976, \"log\": false}}"}
{"op_code":5,"worker_id":"558788ba-6980-4b20-a357-2522c13ea49d-139158087106688","trial_id":3,"param_name":"OuterRadius","param_value_internal":12.17723754982959,"distribution":"{\"name\": \"FloatDistribution\", \"attributes\": {\"step\": null, \"low\": 8.75, \"high\": 17.75, \"log\": false}}"}
{"op_code":5,"worker_id":"558788ba-6980-4b20-a357-2522c13ea49d-139158087106688","trial_id":3,"param_name":"JointHeight","param_value_internal":6.9513720997837805,"distribution":"{\"name\": \"FloatDistribution\", \"attributes\": {\"step\": null, \"low\": 5.0, \"high\": 8.0, \"log\": false}}"}
{"op_code":5,"worker_id":"558788ba-6980-4b20-a357-2522c13ea49d-139158087106688","trial_id":3,"param_name":"CavityCorkThickness","param_value_internal":2.797765374120549,"distribution":"{\"name\": \"FloatDistribution\", \"attributes\": {\"step\": null, \"low\": 2.0, \"high\": 5.0, \"log\": false}}"}
{"op_code":5,"worker_id":"558788ba-6980-4b20-a357-2522c13ea49d-139158087106688","trial_id":3,"param_name":"BellowHeight","param_value_internal":7.615450154858074,"distribution":"{\"name\": \"FloatDistribution\", \"attributes\": {\"step\": null, \"low\": 6.0, \"high\": 10.0, \"log\": false}}"}
{"op_code":5,"worker_id":"558788ba-6980-4b20-a357-2522c13ea49d-139158087106688","trial_id":3,"param_name":"WallThickness","param_value_internal":3.8795845516598586,"distribution":"{\"name\": \"FloatDistribution\", \"attributes\": {\"step\": null, \"low\": 2.0, \"high\": 4.0, \"log\": false}}"}
{"op_code":5,"worker_id":"558788ba-6980-4b20-a357-2522c13ea49d-139158087106688","trial_id":3,"param_name":"PlateauHeight","param_value_internal":3.5839254044309197,"distribution":"{\"name\": \"FloatDistribution\", \"attributes\": {\"step\": null, \"low\": 2.0, \"high\": 4.0, \"log\": false}}"}
{"op_code":6,"worker_id":"558788ba-6980-4b20-a357-2522c13ea49d-139158087106688","trial_id":3,"state":1,"values":[13.393768301645594,0.36304706278822013],"datetime_complete":"2026-06-09T10:07:35.960345"}
{"op_code":4,"worker_id":"558788ba-6980-4b20-a357-2522c13ea49d-139158087106688","study_id":0,"datetime_start":"2026-06-09T10:07:35.962228"}
{"op_code":9,"worker_id":"558788ba-6980-4b20-a357-2522c13ea49d-139158087106688","trial_id":4,"system_attr":{"nsga2:generation":0}}
{"op_code":5,"worker_id":"558788ba-6980-4b20-a357-2522c13ea49d-139158087106688","trial_id":4,"param_name":"JointSlopeAngle","param_value_internal":0.3431158312243716,"distribution":"{\"name\": \"FloatDistribution\", \"attributes\": {\"step\": null, \"low\": 0.17453292519943295, \"high\": 1.0471975511965976, \"log\": false}}"}
{"op_code":5,"worker_id":"558788ba-6980-4b20-a357-2522c13ea49d-139158087106688","trial_id":4,"param_name":"OuterRadius","param_value_internal":9.29047262434411,"distribution":"{\"name\": \"FloatDistribution\", \"attributes\": {\"step\": null, \"low\": 8.75, \"high\": 17.75, \"log\": false}}"}
{"op_code":5,"worker_id":"558788ba-6980-4b20-a357-2522c13ea49d-139158087106688","trial_id":4,"param_name":"JointHeight","param_value_internal":5.2626938597998585,"distribution":"{\"name\": \"FloatDistribution\", \"attributes\": {\"step\": null, \"low\": 5.0, \"high\": 8.0, \"log\": false}}"}
{"op_code":5,"worker_id":"558788ba-6980-4b20-a357-2522c13ea49d-139158087106688","trial_id":4,"param_name":"CavityCorkThickness","param_value_internal":2.062728275476163,"distribution":"{\"name\": \"FloatDistribution\", \"attributes\": {\"step\": null, \"low\": 2.0, \"high\": 5.0, \"log\": false}}"}
{"op_code":5,"worker_id":"558788ba-6980-4b20-a357-2522c13ea49d-139158087106688","trial_id":4,"param_name":"BellowHeight","param_value_internal":6.097177167438023,"distribution":"{\"name\": \"FloatDistribution\", \"attributes\": {\"step\": null, \"low\": 6.0, \"high\": 10.0, \"log\": false}}"}
{"op_code":5,"worker_id":"558788ba-6980-4b20-a357-2522c13ea49d-139158087106688","trial_id":4,"param_name":"WallThickness","param_value_internal":3.865225309708283,"distribution":"{\"name\": \"FloatDistribution\", \"attributes\": {\"step\": null, \"low\": 2.0, \"high\": 4.0, \"log\": false}}"}
{"op_code":5,"worker_id":"558788ba-6980-4b20-a357-2522c13ea49d-139158087106688","trial_id":4,"param_name":"PlateauHeight","param_value_internal":2.2608886490276685,"distribution":"{\"name\": \"FloatDistribution\", \"attributes\": {\"step\": null, \"low\": 2.0, \"high\": 4.0, \"log\": false}}"}
{"op_code":6,"worker_id":"558788ba-6980-4b20-a357-2522c13ea49d-139158087106688","trial_id":4,"state":1,"values":[6.037885428648394,0.3560758047397299],"datetime_complete":"2026-06-09T10:07:37.698291"}
{"op_code":4,"worker_id":"558788ba-6980-4b20-a357-2522c13ea49d-139158087106688","study_id":0,"datetime_start":"2026-06-09T10:07:37.700247"}
{"op_code":9,"worker_id":"558788ba-6980-4b20-a357-2522c13ea49d-139158087106688","trial_id":5,"system_attr":{"nsga2:generation":0}}
{"op_code":5,"worker_id":"558788ba-6980-4b20-a357-2522c13ea49d-139158087106688","trial_id":5,"param_name":"JointSlopeAngle","param_value_internal":0.43586120290784947,"distribution":"{\"name\": \"FloatDistribution\", \"attributes\": {\"step\": null, \"low\": 0.17453292519943295, \"high\": 1.0471975511965976, \"log\": false}}"}
{"op_code":5,"worker_id":"558788ba-6980-4b20-a357-2522c13ea49d-139158087106688","trial_id":5,"param_name":"OuterRadius","param_value_internal":13.227019247685696,"distribution":"{\"name\": \"FloatDistribution\", \"attributes\": {\"step\": null, \"low\": 8.75, \"high\": 17.75, \"log\": false}}"}
{"op_code":5,"worker_id":"558788ba-6980-4b20-a357-2522c13ea49d-139158087106688","trial_id":5,"param_name":"JointHeight","param_value_internal":6.3098265947741785,"distribution":"{\"name\": \"FloatDistribution\", \"attributes\": {\"step\": null, \"low\": 5.0, \"high\": 8.0, \"log\": false}}"}
{"op_code":5,"worker_id":"558788ba-6980-4b20-a357-2522c13ea49d-139158087106688","trial_id":5,"param_name":"CavityCorkThickness","param_value_internal":3.0179293810522267,"distribution":"{\"name\": \"FloatDistribution\", \"attributes\": {\"step\": null, \"low\": 2.0, \"high\": 5.0, \"log\": false}}"}
{"op_code":5,"worker_id":"558788ba-6980-4b20-a357-2522c13ea49d-139158087106688","trial_id":5,"param_name":"BellowHeight","param_value_internal":6.317181333356444,"distribution":"{\"name\": \"FloatDistribution\", \"attributes\": {\"step\": null, \"low\": 6.0, \"high\": 10.0, \"log\": false}}"}
{"op_code":5,"worker_id":"558788ba-6980-4b20-a357-2522c13ea49d-139158087106688","trial_id":5,"param_name":"WallThickness","param_value_internal":2.210526693144833,"distribution":"{\"name\": \"FloatDistribution\", \"attributes\": {\"step\": null, \"low\": 2.0, \"high\": 4.0, \"log\": false}}"}
{"op_code":5,"worker_id":"558788ba-6980-4b20-a357-2522c13ea49d-139158087106688","trial_id":5,"param_name":"PlateauHeight","param_value_internal":3.560393707100563,"distribution":"{\"name\": \"FloatDistribution\", \"attributes\": {\"step\": null, \"low\": 2.0, \"high\": 4.0, \"log\": false}}"}
{"op_code":6,"worker_id":"558788ba-6980-4b20-a357-2522c13ea49d-139158087106688","trial_id":5,"state":1,"values":[37.798602362570136,0.3577888599549396],"datetime_complete":"2026-06-09T10:07:39.769183"}
{"op_code":4,"worker_id":"558788ba-6980-4b20-a357-2522c13ea49d-139158087106688","study_id":0,"datetime_start":"2026-06-09T10:07:39.771310"}
{"op_code":9,"worker_id":"558788ba-6980-4b20-a357-2522c13ea49d-139158087106688","trial_id":6,"system_attr":{"nsga2:generation":0}}
{"op_code":5,"worker_id":"558788ba-6980-4b20-a357-2522c13ea49d-139158087106688","trial_id":6,"param_name":"JointSlopeAngle","param_value_internal":0.4298620498517596,"distribution":"{\"name\": \"FloatDistribution\", \"attributes\": {\"step\": null, \"low\": 0.17453292519943295, \"high\": 1.0471975511965976, \"log\": false}}"}
{"op_code":5,"worker_id":"558788ba-6980-4b20-a357-2522c13ea49d-139158087106688","trial_id":6,"param_name":"OuterRadius","param_value_internal":17.332904696918924,"distribution":"{\"name\": \"FloatDistribution\", \"attributes\": {\"step\": null, \"low\": 8.75, \"high\": 17.75, \"log\": false}}"}
{"op_code":5,"worker_id":"558788ba-6980-4b20-a357-2522c13ea49d-139158087106688","trial_id":6,"param_name":"JointHeight","param_value_internal":7.663386237252552,"distribution":"{\"name\": \"FloatDistribution\", \"attributes\": {\"step\": null, \"low\": 5.0, \"high\": 8.0, \"log\": false}}"}
{"op_code":5,"worker_id":"558788ba-6980-4b20-a357-2522c13ea49d-139158087106688","trial_id":6,"param_name":"CavityCorkThickness","param_value_internal":3.613747040769173,"distribution":"{\"name\": \"FloatDistribution\", \"attributes\": {\"step\": null, \"low\": 2.0, \"high\": 5.0, \"log\": false}}"}
{"op_code":5,"worker_id":"558788ba-6980-4b20-a357-2522c13ea49d-139158087106688","trial_id":6,"param_name":"BellowHeight","param_value_internal":8.986298065642668,"distribution":"{\"name\": \"FloatDistribution\", \"attributes\": {\"step\": null, \"low\": 6.0, \"high\": 10.0, \"log\": false}}"}
{"op_code":5,"worker_id":"558788ba-6980-4b20-a357-2522c13ea49d-139158087106688","trial_id":6,"param_name":"WallThickness","param_value_internal":3.365998278330761,"distribution":"{\"name\": \"FloatDistribution\", \"attributes\": {\"step\": null, \"low\": 2.0, \"high\": 4.0, \"log\": false}}"}
{"op_code":5,"worker_id":"558788ba-6980-4b20-a357-2522c13ea49d-139158087106688","trial_id":6,"param_name":"PlateauHeight","param_value_internal":3.408136060665038,"distribution":"{\"name\": \"FloatDistribution\", \"attributes\": {\"step\": null, \"low\": 2.0, \"high\": 4.0, \"log\": false}}"}
{"op_code":6,"worker_id":"558788ba-6980-4b20-a357-2522c13ea49d-139158087106688","trial_id":6,"state":1,"values":[65.10050448143716,0.34852821237892573],"datetime_complete":"2026-06-09T10:07:42.160427"}
{"op_code":4,"worker_id":"558788ba-6980-4b20-a357-2522c13ea49d-139158087106688","study_id":0,"datetime_start":"2026-06-09T10:07:42.162234"}
{"op_code":9,"worker_id":"558788ba-6980-4b20-a357-2522c13ea49d-139158087106688","trial_id":7,"system_attr":{"nsga2:generation":0}}
{"op_code":5,"worker_id":"558788ba-6980-4b20-a357-2522c13ea49d-139158087106688","trial_id":7,"param_name":"JointSlopeAngle","param_value_internal":0.8053347610402393,"distribution":"{\"name\": \"FloatDistribution\", \"attributes\": {\"step\": null, \"low\": 0.17453292519943295, \"high\": 1.0471975511965976, \"log\": false}}"}
{"op_code":5,"worker_id":"558788ba-6980-4b20-a357-2522c13ea49d-139158087106688","trial_id":7,"param_name":"OuterRadius","param_value_internal":11.982719980597775,"distribution":"{\"name\": \"FloatDistribution\", \"attributes\": {\"step\": null, \"low\": 8.75, \"high\": 17.75, \"log\": false}}"}
{"op_code":5,"worker_id":"558788ba-6980-4b20-a357-2522c13ea49d-139158087106688","trial_id":7,"param_name":"JointHeight","param_value_internal":6.494836266362086,"distribution":"{\"name\": \"FloatDistribution\", \"attributes\": {\"step\": null, \"low\": 5.0, \"high\": 8.0, \"log\": false}}"}
{"op_code":5,"worker_id":"558788ba-6980-4b20-a357-2522c13ea49d-139158087106688","trial_id":7,"param_name":"CavityCorkThickness","param_value_internal":4.9480800290352,"distribution":"{\"name\": \"FloatDistribution\", \"attributes\": {\"step\": null, \"low\": 2.0, \"high\": 5.0, \"log\": false}}"}
{"op_code":5,"worker_id":"558788ba-6980-4b20-a357-2522c13ea49d-139158087106688","trial_id":7,"param_name":"BellowHeight","param_value_internal":6.181683133305539,"distribution":"{\"name\": \"FloatDistribution\", \"attributes\": {\"step\": null, \"low\": 6.0, \"high\": 10.0, \"log\": false}}"}
{"op_code":5,"worker_id":"558788ba-6980-4b20-a357-2522c13ea49d-139158087106688","trial_id":7,"param_name":"WallThickness","param_value_internal":3.307348230996044,"distribution":"{\"name\": \"FloatDistribution\", \"attributes\": {\"step\": null, \"low\": 2.0, \"high\": 4.0, \"log\": false}}"}
{"op_code":5,"worker_id":"558788ba-6980-4b20-a357-2522c13ea49d-139158087106688","trial_id":7,"param_name":"PlateauHeight","param_value_internal":2.7250589521706585,"distribution":"{\"name\": \"FloatDistribution\", \"attributes\": {\"step\": null, \"low\": 2.0, \"high\": 4.0, \"log\": false}}"}
{"op_code":6,"worker_id":"558788ba-6980-4b20-a357-2522c13ea49d-139158087106688","trial_id":7,"state":1,"values":[10.195972289676888,0.35510108410904884],"datetime_complete":"2026-06-09T10:07:44.166563"}
{"op_code":4,"worker_id":"558788ba-6980-4b20-a357-2522c13ea49d-139158087106688","study_id":0,"datetime_start":"2026-06-09T10:07:44.168328"}
{"op_code":9,"worker_id":"558788ba-6980-4b20-a357-2522c13ea49d-139158087106688","trial_id":8,"system_attr":{"nsga2:generation":0}}
{"op_code":5,"worker_id":"558788ba-6980-4b20-a357-2522c13ea49d-139158087106688","trial_id":8,"param_name":"JointSlopeAngle","param_value_internal":0.34512123746082546,"distribution":"{\"name\": \"FloatDistribution\", \"attributes\": {\"step\": null, \"low\": 0.17453292519943295, \"high\": 1.0471975511965976, \"log\": false}}"}
{"op_code":5,"worker_id":"558788ba-6980-4b20-a357-2522c13ea49d-139158087106688","trial_id":8,"param_name":"OuterRadius","param_value_internal":9.351191641245803,"distribution":"{\"name\": \"FloatDistribution\", \"attributes\": {\"step\": null, \"low\": 8.75, \"high\": 17.75, \"log\": false}}"}
{"op_code":5,"worker_id":"558788ba-6980-4b20-a357-2522c13ea49d-139158087106688","trial_id":8,"param_name":"JointHeight","param_value_internal":7.997359333219196,"distribution":"{\"name\": \"FloatDistribution\", \"attributes\": {\"step\": null, \"low\": 5.0, \"high\": 8.0, \"log\": false}}"}
{"op_code":5,"worker_id":"558788ba-6980-4b20-a357-2522c13ea49d-139158087106688","trial_id":8,"param_name":"CavityCorkThickness","param_value_internal":2.6361928740541702,"distribution":"{\"name\": \"FloatDistribution\", \"attributes\": {\"step\": null, \"low\": 2.0, \"high\": 5.0, \"log\": false}}"}
{"op_code":5,"worker_id":"558788ba-6980-4b20-a357-2522c13ea49d-139158087106688","trial_id":8,"param_name":"BellowHeight","param_value_internal":7.183877211978591,"distribution":"{\"name\": \"FloatDistribution\", \"attributes\": {\"step\": null, \"low\": 6.0, \"high\": 10.0, \"log\": false}}"}
{"op_code":5,"worker_id":"558788ba-6980-4b20-a357-2522c13ea49d-139158087106688","trial_id":8,"param_name":"WallThickness","param_value_internal":2.4115215359380717,"distribution":"{\"name\": \"FloatDistribution\", \"attributes\": {\"step\": null, \"low\": 2.0, \"high\": 4.0, \"log\": false}}"}
{"op_code":5,"worker_id":"558788ba-6980-4b20-a357-2522c13ea49d-139158087106688","trial_id":8,"param_name":"PlateauHeight","param_value_internal":3.0798657600948784,"distribution":"{\"name\": \"FloatDistribution\", \"attributes\": {\"step\": null, \"low\": 2.0, \"high\": 4.0, \"log\": false}}"}
{"op_code":6,"worker_id":"558788ba-6980-4b20-a357-2522c13ea49d-139158087106688","trial_id":8,"state":1,"values":[10.565450112081919,0.3654586122587999],"datetime_complete":"2026-06-09T10:07:45.865163"}
{"op_code":4,"worker_id":"558788ba-6980-4b20-a357-2522c13ea49d-139158087106688","study_id":0,"datetime_start":"2026-06-09T10:07:45.871656"}
{"op_code":9,"worker_id":"558788ba-6980-4b20-a357-2522c13ea49d-139158087106688","trial_id":9,"system_attr":{"nsga2:generation":0}}
{"op_code":5,"worker_id":"558788ba-6980-4b20-a357-2522c13ea49d-139158087106688","trial_id":9,"param_name":"JointSlopeAngle","param_value_internal":0.7521968776829653,"distribution":"{\"name\": \"FloatDistribution\", \"attributes\": {\"step\": null, \"low\": 0.17453292519943295, \"high\": 1.0471975511965976, \"log\": false}}"}
{"op_code":5,"worker_id":"558788ba-6980-4b20-a357-2522c13ea49d-139158087106688","trial_id":9,"param_name":"OuterRadius","param_value_internal":12.87061215685626,"distribution":"{\"name\": \"FloatDistribution\", \"attributes\": {\"step\": null, \"low\": 8.75, \"high\": 17.75, \"log\": false}}"}
{"op_code":5,"worker_id":"558788ba-6980-4b20-a357-2522c13ea49d-139158087106688","trial_id":9,"param_name":"JointHeight","param_value_internal":7.312935707334114,"distribution":"{\"name\": \"FloatDistribution\", \"attributes\": {\"step\": null, \"low\": 5.0, \"high\": 8.0, \"log\": false}}"}
{"op_code":5,"worker_id":"558788ba-6980-4b20-a357-2522c13ea49d-139158087106688","trial_id":9,"param_name":"CavityCorkThickness","param_value_internal":4.126281201361282,"distribution":"{\"name\": \"FloatDistribution\", \"attributes\": {\"step\": null, \"low\": 2.0, \"high\": 5.0, \"log\": false}}"}
{"op_code":5,"worker_id":"558788ba-6980-4b20-a357-2522c13ea49d-139158087106688","trial_id":9,"param_name":"BellowHeight","param_value_internal":8.603004073092276,"distribution":"{\"name\": \"FloatDistribution\", \"attributes\": {\"step\": null, \"low\": 6.0, \"high\": 10.0, \"log\": false}}"}
{"op_code":5,"worker_id":"558788ba-6980-4b20-a357-2522c13ea49d-139158087106688","trial_id":9,"param_name":"WallThickness","param_value_internal":2.838871817053362,"distribution":"{\"name\": \"FloatDistribution\", \"attributes\": {\"step\": null, \"low\": 2.0, \"high\": 4.0, \"log\": false}}"}
{"op_code":5,"worker_id":"558788ba-6980-4b20-a357-2522c13ea49d-139158087106688","trial_id":9,"param_name":"PlateauHeight","param_value_internal":3.933652793079445,"distribution":"{\"name\": \"FloatDistribution\", \"attributes\": {\"step\": null, \"low\": 2.0, \"high\": 4.0, \"log\": false}}"}
{"op_code":6,"worker_id":"558788ba-6980-4b20-a357-2522c13ea49d-139158087106688","trial_id":9,"state":1,"values":[31.323185613657813,0.3570449766405267],"datetime_complete":"2026-06-09T10:07:49.385632"}
{"op_code":0,"worker_id":"c4b93990-ce0e-458c-b7f6-432fc61aa4d6-139158087106688","study_name":"SensorFinger_10_optuna_evolutionary","directions":[2,2]}
{"op_code":0,"worker_id":"c4b93990-ce0e-458c-b7f6-432fc61aa4d6-139158087106688","study_name":"SensorFinger_10_optuna_evolutionary","directions":[2,2]}
{"op_code":0,"worker_id":"b456c962-a00d-47a0-9f0b-f516108288da-139158087106688","study_name":"SensorFinger_10_optuna_evolutionary","directions":[2,2]}
{"op_code":0,"worker_id":"b456c962-a00d-47a0-9f0b-f516108288da-139158087106688","study_name":"SensorFinger_10_optuna_evolutionary","directions":[2,2]}
