{"op_code":0,"worker_id":"2d5cab48-68d4-41c4-a2ad-3b9d34728610-133996216725632","study_name":"SensorFinger_1_optuna_evolutionary","directions":[2,2,2]}
{"op_code":4,"worker_id":"2d5cab48-68d4-41c4-a2ad-3b9d34728610-133996216725632","study_id":0,"datetime_start":"2026-06-09T10:02:28.648942"}
{"op_code":9,"worker_id":"2d5cab48-68d4-41c4-a2ad-3b9d34728610-133996216725632","trial_id":0,"system_attr":{"nsga2:generation":0}}
{"op_code":5,"worker_id":"2d5cab48-68d4-41c4-a2ad-3b9d34728610-133996216725632","trial_id":0,"param_name":"JointSlopeAngle","param_value_internal":0.6410463332867431,"distribution":"{\"name\": \"FloatDistribution\", \"attributes\": {\"step\": null, \"low\": 0.17453292519943295, \"high\": 1.0471975511965976, \"log\": false}}"}
{"op_code":5,"worker_id":"2d5cab48-68d4-41c4-a2ad-3b9d34728610-133996216725632","trial_id":0,"param_name":"OuterRadius","param_value_internal":17.296653251334895,"distribution":"{\"name\": \"FloatDistribution\", \"attributes\": {\"step\": null, \"low\": 8.75, \"high\": 17.75, \"log\": false}}"}
{"op_code":5,"worker_id":"2d5cab48-68d4-41c4-a2ad-3b9d34728610-133996216725632","trial_id":0,"param_name":"JointHeight","param_value_internal":6.0056215749386865,"distribution":"{\"name\": \"FloatDistribution\", \"attributes\": {\"step\": null, \"low\": 5.0, \"high\": 8.0, \"log\": false}}"}
{"op_code":5,"worker_id":"2d5cab48-68d4-41c4-a2ad-3b9d34728610-133996216725632","trial_id":0,"param_name":"CavityCorkThickness","param_value_internal":4.546110185402562,"distribution":"{\"name\": \"FloatDistribution\", \"attributes\": {\"step\": null, \"low\": 2.0, \"high\": 5.0, \"log\": false}}"}
{"op_code":5,"worker_id":"2d5cab48-68d4-41c4-a2ad-3b9d34728610-133996216725632","trial_id":0,"param_name":"BellowHeight","param_value_internal":6.253438331116322,"distribution":"{\"name\": \"FloatDistribution\", \"attributes\": {\"step\": null, \"low\": 6.0, \"high\": 10.0, \"log\": false}}"}
{"op_code":5,"worker_id":"2d5cab48-68d4-41c4-a2ad-3b9d34728610-133996216725632","trial_id":0,"param_name":"WallThickness","param_value_internal":3.7921675440115443,"distribution":"{\"name\": \"FloatDistribution\", \"attributes\": {\"step\": null, \"low\": 2.0, \"high\": 4.0, \"log\": false}}"}
{"op_code":5,"worker_id":"2d5cab48-68d4-41c4-a2ad-3b9d34728610-133996216725632","trial_id":0,"param_name":"PlateauHeight","param_value_internal":2.1147924571929977,"distribution":"{\"name\": \"FloatDistribution\", \"attributes\": {\"step\": null, \"low\": 2.0, \"high\": 4.0, \"log\": false}}"}
{"op_code":6,"worker_id":"2d5cab48-68d4-41c4-a2ad-3b9d34728610-133996216725632","trial_id":0,"state":1,"values":[613.3524532011858,0.11098432003055529,0.3411219495378826],"datetime_complete":"2026-06-09T10:02:29.897374"}
{"op_code":4,"worker_id":"2d5cab48-68d4-41c4-a2ad-3b9d34728610-133996216725632","study_id":0,"datetime_start":"2026-06-09T10:02:29.899344"}
{"op_code":9,"worker_id":"2d5cab48-68d4-41c4-a2ad-3b9d34728610-133996216725632","trial_id":1,"system_attr":{"nsga2:generation":0}}
{"op_code":5,"worker_id":"2d5cab48-68d4-41c4-a2ad-3b9d34728610-133996216725632","trial_id":1,"param_name":"JointSlopeAngle","param_value_internal":0.7095494979815724,"distribution":"{\"name\": \"FloatDistribution\", \"attributes\": {\"step\": null, \"low\": 0.17453292519943295, \"high\": 1.0471975511965976, \"log\": false}}"}
{"op_code":5,"worker_id":"2d5cab48-68d4-41c4-a2ad-3b9d34728610-133996216725632","trial_id":1,"param_name":"OuterRadius","param_value_internal":10.959492854201951,"distribution":"{\"name\": \"FloatDistribution\", \"attributes\": {\"step\": null, \"low\": 8.75, \"high\": 17.75, \"log\": false}}"}
{"op_code":5,"worker_id":"2d5cab48-68d4-41c4-a2ad-3b9d34728610-133996216725632","trial_id":1,"param_name":"JointHeight","param_value_internal":6.152597169800284,"distribution":"{\"name\": \"FloatDistribution\", \"attributes\": {\"step\": null, \"low\": 5.0, \"high\": 8.0, \"log\": false}}"}
{"op_code":5,"worker_id":"2d5cab48-68d4-41c4-a2ad-3b9d34728610-133996216725632","trial_id":1,"param_name":"CavityCorkThickness","param_value_internal":2.5250450182453137,"distribution":"{\"name\": \"FloatDistribution\", \"attributes\": {\"step\": null, \"low\": 2.0, \"high\": 5.0, \"log\": false}}"}
{"op_code":5,"worker_id":"2d5cab48-68d4-41c4-a2ad-3b9d34728610-133996216725632","trial_id":1,"param_name":"BellowHeight","param_value_internal":7.702852936739002,"distribution":"{\"name\": \"FloatDistribution\", \"attributes\": {\"step\": null, \"low\": 6.0, \"high\": 10.0, \"log\": false}}"}
{"op_code":5,"worker_id":"2d5cab48-68d4-41c4-a2ad-3b9d34728610-133996216725632","trial_id":1,"param_name":"WallThickness","param_value_internal":2.0613055991211002,"distribution":"{\"name\": \"FloatDistribution\", \"attributes\": {\"step\": null, \"low\": 2.0, \"high\": 4.0, \"log\": false}}"}
{"op_code":5,"worker_id":"2d5cab48-68d4-41c4-a2ad-3b9d34728610-133996216725632","trial_id":1,"param_name":"PlateauHeight","param_value_internal":2.186448162889203,"distribution":"{\"name\": \"FloatDistribution\", \"attributes\": {\"step\": null, \"low\": 2.0, \"high\": 4.0, \"log\": false}}"}
{"op_code":6,"worker_id":"2d5cab48-68d4-41c4-a2ad-3b9d34728610-133996216725632","trial_id":1,"state":1,"values":[491.3228518217131,0.1174675983858218,0.491487040792632],"datetime_complete":"2026-06-09T10:02:30.960926"}
{"op_code":4,"worker_id":"2d5cab48-68d4-41c4-a2ad-3b9d34728610-133996216725632","study_id":0,"datetime_start":"2026-06-09T10:02:30.962939"}
{"op_code":9,"worker_id":"2d5cab48-68d4-41c4-a2ad-3b9d34728610-133996216725632","trial_id":2,"system_attr":{"nsga2:generation":0}}
{"op_code":5,"worker_id":"2d5cab48-68d4-41c4-a2ad-3b9d34728610-133996216725632","trial_id":2,"param_name":"JointSlopeAngle","param_value_internal":0.4138432974974806,"distribution":"{\"name\": \"FloatDistribution\", \"attributes\": {\"step\": null, \"low\": 0.17453292519943295, \"high\": 1.0471975511965976, \"log\": false}}"}
{"op_code":5,"worker_id":"2d5cab48-68d4-41c4-a2ad-3b9d34728610-133996216725632","trial_id":2,"param_name":"OuterRadius","param_value_internal":12.35398658527123,"distribution":"{\"name\": \"FloatDistribution\", \"attributes\": {\"step\": null, \"low\": 8.75, \"high\": 17.75, \"log\": false}}"}
{"op_code":5,"worker_id":"2d5cab48-68d4-41c4-a2ad-3b9d34728610-133996216725632","trial_id":2,"param_name":"JointHeight","param_value_internal":6.691097357738259,"distribution":"{\"name\": \"FloatDistribution\", \"attributes\": {\"step\": null, \"low\": 5.0, \"high\": 8.0, \"log\": false}}"}
{"op_code":5,"worker_id":"2d5cab48-68d4-41c4-a2ad-3b9d34728610-133996216725632","trial_id":2,"param_name":"CavityCorkThickness","param_value_internal":3.5539657323657723,"distribution":"{\"name\": \"FloatDistribution\", \"attributes\": {\"step\": null, \"low\": 2.0, \"high\": 5.0, \"log\": false}}"}
{"op_code":5,"worker_id":"2d5cab48-68d4-41c4-a2ad-3b9d34728610-133996216725632","trial_id":2,"param_name":"BellowHeight","param_value_internal":6.580056547974629,"distribution":"{\"name\": \"FloatDistribution\", \"attributes\": {\"step\": null, \"low\": 6.0, \"high\": 10.0, \"log\": false}}"}
{"op_code":5,"worker_id":"2d5cab48-68d4-41c4-a2ad-3b9d34728610-133996216725632","trial_id":2,"param_name":"WallThickness","param_value_internal":2.1758294634887436,"distribution":"{\"name\": \"FloatDistribution\", \"attributes\": {\"step\": null, \"low\": 2.0, \"high\": 4.0, \"log\": false}}"}
{"op_code":5,"worker_id":"2d5cab48-68d4-41c4-a2ad-3b9d34728610-133996216725632","trial_id":2,"param_name":"PlateauHeight","param_value_internal":2.4710219803927904,"distribution":"{\"name\": \"FloatDistribution\", \"attributes\": {\"step\": null, \"low\": 2.0, \"high\": 4.0, \"log\": false}}"}
{"op_code":6,"worker_id":"2d5cab48-68d4-41c4-a2ad-3b9d34728610-133996216725632","trial_id":2,"state":1,"values":[449.6790255123058,0.116995088444067,0.4246947411706131],"datetime_complete":"2026-06-09T10:02:32.049889"}
{"op_code":4,"worker_id":"2d5cab48-68d4-41c4-a2ad-3b9d34728610-133996216725632","study_id":0,"datetime_start":"2026-06-09T10:02:32.051978"}
{"op_code":9,"worker_id":"2d5cab48-68d4-41c4-a2ad-3b9d34728610-133996216725632","trial_id":3,"system_attr":{"nsga2:generation":0}}
{"op_code":5,"worker_id":"2d5cab48-68d4-41c4-a2ad-3b9d34728610-133996216725632","trial_id":3,"param_name":"JointSlopeAngle","param_value_internal":0.6832644423605844,"distribution":"{\"name\": \"FloatDistribution\", \"attributes\": {\"step\": null, \"low\": 0.17453292519943295, \"high\": 1.0471975511965976, \"log\": false}}"}
{"op_code":5,"worker_id":"2d5cab48-68d4-41c4-a2ad-3b9d34728610-133996216725632","trial_id":3,"param_name":"OuterRadius","param_value_internal":16.056750997672488,"distribution":"{\"name\": \"FloatDistribution\", \"attributes\": {\"step\": null, \"low\": 8.75, \"high\": 17.75, \"log\": false}}"}
{"op_code":5,"worker_id":"2d5cab48-68d4-41c4-a2ad-3b9d34728610-133996216725632","trial_id":3,"param_name":"JointHeight","param_value_internal":7.763499061126323,"distribution":"{\"name\": \"FloatDistribution\", \"attributes\": {\"step\": null, \"low\": 5.0, \"high\": 8.0, \"log\": false}}"}
{"op_code":5,"worker_id":"2d5cab48-68d4-41c4-a2ad-3b9d34728610-133996216725632","trial_id":3,"param_name":"CavityCorkThickness","param_value_internal":3.870487455080997,"distribution":"{\"name\": \"FloatDistribution\", \"attributes\": {\"step\": null, \"low\": 2.0, \"high\": 5.0, \"log\": false}}"}
{"op_code":5,"worker_id":"2d5cab48-68d4-41c4-a2ad-3b9d34728610-133996216725632","trial_id":3,"param_name":"BellowHeight","param_value_internal":9.52593730651055,"distribution":"{\"name\": \"FloatDistribution\", \"attributes\": {\"step\": null, \"low\": 6.0, \"high\": 10.0, \"log\": false}}"}
{"op_code":5,"worker_id":"2d5cab48-68d4-41c4-a2ad-3b9d34728610-133996216725632","trial_id":3,"param_name":"WallThickness","param_value_internal":2.9714088098173477,"distribution":"{\"name\": \"FloatDistribution\", \"attributes\": {\"step\": null, \"low\": 2.0, \"high\": 4.0, \"log\": false}}"}
{"op_code":5,"worker_id":"2d5cab48-68d4-41c4-a2ad-3b9d34728610-133996216725632","trial_id":3,"param_name":"PlateauHeight","param_value_internal":2.218860715638331,"distribution":"{\"name\": \"FloatDistribution\", \"attributes\": {\"step\": null, \"low\": 2.0, \"high\": 4.0, \"log\": false}}"}
{"op_code":6,"worker_id":"2d5cab48-68d4-41c4-a2ad-3b9d34728610-133996216725632","trial_id":3,"state":1,"values":[930.0508029121062,0.07013081671580706,0.37397565217392587],"datetime_complete":"2026-06-09T10:02:33.248135"}
{"op_code":4,"worker_id":"2d5cab48-68d4-41c4-a2ad-3b9d34728610-133996216725632","study_id":0,"datetime_start":"2026-06-09T10:02:33.250308"}
{"op_code":9,"worker_id":"2d5cab48-68d4-41c4-a2ad-3b9d34728610-133996216725632","trial_id":4,"system_attr":{"nsga2:generation":0}}
{"op_code":5,"worker_id":"2d5cab48-68d4-41c4-a2ad-3b9d34728610-133996216725632","trial_id":4,"param_name":"JointSlopeAngle","param_value_internal":0.7314275898896979,"distribution":"{\"name\": \"FloatDistribution\", \"attributes\": {\"step\": null, \"low\": 0.17453292519943295, \"high\": 1.0471975511965976, \"log\": false}}"}
{"op_code":5,"worker_id":"2d5cab48-68d4-41c4-a2ad-3b9d34728610-133996216725632","trial_id":4,"param_name":"OuterRadius","param_value_internal":12.263023370959301,"distribution":"{\"name\": \"FloatDistribution\", \"attributes\": {\"step\": null, \"low\": 8.75, \"high\": 17.75, \"log\": false}}"}
{"op_code":5,"worker_id":"2d5cab48-68d4-41c4-a2ad-3b9d34728610-133996216725632","trial_id":4,"param_name":"JointHeight","param_value_internal":6.000180596888181,"distribution":"{\"name\": \"FloatDistribution\", \"attributes\": {\"step\": null, \"low\": 5.0, \"high\": 8.0, \"log\": false}}"}
{"op_code":5,"worker_id":"2d5cab48-68d4-41c4-a2ad-3b9d34728610-133996216725632","trial_id":4,"param_name":"CavityCorkThickness","param_value_internal":4.754203960272654,"distribution":"{\"name\": \"FloatDistribution\", \"attributes\": {\"step\": null, \"low\": 2.0, \"high\": 5.0, \"log\": false}}"}
{"op_code":5,"worker_id":"2d5cab48-68d4-41c4-a2ad-3b9d34728610-133996216725632","trial_id":4,"param_name":"BellowHeight","param_value_internal":8.018135215706963,"distribution":"{\"name\": \"FloatDistribution\", \"attributes\": {\"step\": null, \"low\": 6.0, \"high\": 10.0, \"log\": false}}"}
{"op_code":5,"worker_id":"2d5cab48-68d4-41c4-a2ad-3b9d34728610-133996216725632","trial_id":4,"param_name":"WallThickness","param_value_internal":2.36435723227283,"distribution":"{\"name\": \"FloatDistribution\", \"attributes\": {\"step\": null, \"low\": 2.0, \"high\": 4.0, \"log\": false}}"}
{"op_code":5,"worker_id":"2d5cab48-68d4-41c4-a2ad-3b9d34728610-133996216725632","trial_id":4,"param_name":"PlateauHeight","param_value_internal":2.409191618558973,"distribution":"{\"name\": \"FloatDistribution\", \"attributes\": {\"step\": null, \"low\": 2.0, \"high\": 4.0, \"log\": false}}"}
{"op_code":6,"worker_id":"2d5cab48-68d4-41c4-a2ad-3b9d34728610-133996216725632","trial_id":4,"state":1,"values":[338.4736271393503,0.1187627325474926,0.45847316353778356],"datetime_complete":"2026-06-09T10:02:34.236643"}
{"op_code":4,"worker_id":"2d5cab48-68d4-41c4-a2ad-3b9d34728610-133996216725632","study_id":0,"datetime_start":"2026-06-09T10:02:34.238400"}
{"op_code":9,"worker_id":"2d5cab48-68d4-41c4-a2ad-3b9d34728610-133996216725632","trial_id":5,"system_attr":{"nsga2:generation":0}}
{"op_code":5,"worker_id":"2d5cab48-68d4-41c4-a2ad-3b9d34728610-133996216725632","trial_id":5,"param_name":"JointSlopeAngle","param_value_internal":0.9358466532592068,"distribution":"{\"name\": \"FloatDistribution\", \"attributes\": {\"step\": null, \"low\": 0.17453292519943295, \"high\": 1.0471975511965976, \"log\": false}}"}
{"op_code":5,"worker_id":"2d5cab48-68d4-41c4-a2ad-3b9d34728610-133996216725632","trial_id":5,"param_name":"OuterRadius","param_value_internal":16.175098378388157,"distribution":"{\"name\": \"FloatDistribution\", \"attributes\": {\"step\": null, \"low\": 8.75, \"high\": 17.75, \"log\": false}}"}
{"op_code":5,"worker_id":"2d5cab48-68d4-41c4-a2ad-3b9d34728610-133996216725632","trial_id":5,"param_name":"JointHeight","param_value_internal":6.498673476985514,"distribution":"{\"name\": \"FloatDistribution\", \"attributes\": {\"step\": null, \"low\": 5.0, \"high\": 8.0, \"log\": false}}"}
{"op_code":5,"worker_id":"2d5cab48-68d4-41c4-a2ad-3b9d34728610-133996216725632","trial_id":5,"param_name":"CavityCorkThickness","param_value_internal":2.0350133221139006,"distribution":"{\"name\": \"FloatDistribution\", \"attributes\": {\"step\": null, \"low\": 2.0, \"high\": 5.0, \"log\": false}}"}
{"op_code":5,"worker_id":"2d5cab48-68d4-41c4-a2ad-3b9d34728610-133996216725632","trial_id":5,"param_name":"BellowHeight","param_value_internal":6.613923817655894,"distribution":"{\"name\": \"FloatDistribution\", \"attributes\": {\"step\": null, \"low\": 6.0, \"high\": 10.0, \"log\": false}}"}
{"op_code":5,"worker_id":"2d5cab48-68d4-41c4-a2ad-3b9d34728610-133996216725632","trial_id":5,"param_name":"WallThickness","param_value_internal":3.9906632648824365,"distribution":"{\"name\": \"FloatDistribution\", \"attributes\": {\"step\": null, \"low\": 2.0, \"high\": 4.0, \"log\": false}}"}
{"op_code":5,"worker_id":"2d5cab48-68d4-41c4-a2ad-3b9d34728610-133996216725632","trial_id":5,"param_name":"PlateauHeight","param_value_internal":2.956625096534702,"distribution":"{\"name\": \"FloatDistribution\", \"attributes\": {\"step\": null, \"low\": 2.0, \"high\": 4.0, \"log\": false}}"}
{"op_code":6,"worker_id":"2d5cab48-68d4-41c4-a2ad-3b9d34728610-133996216725632","trial_id":5,"state":1,"values":[857.1991310110548,0.062424455543608974,0.3429649712561396],"datetime_complete":"2026-06-09T10:02:35.443395"}
{"op_code":4,"worker_id":"2d5cab48-68d4-41c4-a2ad-3b9d34728610-133996216725632","study_id":0,"datetime_start":"2026-06-09T10:02:35.445434"}
{"op_code":9,"worker_id":"2d5cab48-68d4-41c4-a2ad-3b9d34728610-133996216725632","trial_id":6,"system_attr":{"nsga2:generation":0}}
{"op_code":5,"worker_id":"2d5cab48-68d4-41c4-a2ad-3b9d34728610-133996216725632","trial_id":6,"param_name":"JointSlopeAngle","param_value_internal":0.44008390790313157,"distribution":"{\"name\": \"FloatDistribution\", \"attributes\": {\"step\": null, \"low\": 0.17453292519943295, \"high\": 1.0471975511965976, \"log\": false}}"}
{"op_code":5,"worker_id":"2d5cab48-68d4-41c4-a2ad-3b9d34728610-133996216725632","trial_id":6,"param_name":"OuterRadius","param_value_internal":11.738338053387864,"distribution":"{\"name\": \"FloatDistribution\", \"attributes\": {\"step\": null, \"low\": 8.75, \"high\": 17.75, \"log\": false}}"}
{"op_code":5,"worker_id":"2d5cab48-68d4-41c4-a2ad-3b9d34728610-133996216725632","trial_id":6,"param_name":"JointHeight","param_value_internal":6.911789962076812,"distribution":"{\"name\": \"FloatDistribution\", \"attributes\": {\"step\": null, \"low\": 5.0, \"high\": 8.0, \"log\": false}}"}
{"op_code":5,"worker_id":"2d5cab48-68d4-41c4-a2ad-3b9d34728610-133996216725632","trial_id":6,"param_name":"CavityCorkThickness","param_value_internal":2.5380776447957745,"distribution":"{\"name\": \"FloatDistribution\", \"attributes\": {\"step\": null, \"low\": 2.0, \"high\": 5.0, \"log\": false}}"}
{"op_code":5,"worker_id":"2d5cab48-68d4-41c4-a2ad-3b9d34728610-133996216725632","trial_id":6,"param_name":"BellowHeight","param_value_internal":9.713142027676744,"distribution":"{\"name\": \"FloatDistribution\", \"attributes\": {\"step\": null, \"low\": 6.0, \"high\": 10.0, \"log\": false}}"}
{"op_code":5,"worker_id":"2d5cab48-68d4-41c4-a2ad-3b9d34728610-133996216725632","trial_id":6,"param_name":"WallThickness","param_value_internal":3.197610741565728,"distribution":"{\"name\": \"FloatDistribution\", \"attributes\": {\"step\": null, \"low\": 2.0, \"high\": 4.0, \"log\": false}}"}
{"op_code":5,"worker_id":"2d5cab48-68d4-41c4-a2ad-3b9d34728610-133996216725632","trial_id":6,"param_name":"PlateauHeight","param_value_internal":2.2178967930303597,"distribution":"{\"name\": \"FloatDistribution\", \"attributes\": {\"step\": null, \"low\": 2.0, \"high\": 4.0, \"log\": false}}"}
{"op_code":6,"worker_id":"2d5cab48-68d4-41c4-a2ad-3b9d34728610-133996216725632","trial_id":6,"state":1,"values":[490.32265177148065,0.08049167632281745,0.44248377253885257],"datetime_complete":"2026-06-09T10:02:36.532938"}
{"op_code":4,"worker_id":"2d5cab48-68d4-41c4-a2ad-3b9d34728610-133996216725632","study_id":0,"datetime_start":"2026-06-09T10:02:36.535054"}
{"op_code":9,"worker_id":"2d5cab48-68d4-41c4-a2ad-3b9d34728610-133996216725632","trial_id":7,"system_attr":{"nsga2:generation":0}}
{"op_code":5,"worker_id":"2d5cab48-68d4-41c4-a2ad-3b9d34728610-133996216725632","trial_id":7,"param_name":"JointSlopeAngle","param_value_internal":0.19262662559054977,"distribution":"{\"name\": \"FloatDistribution\", \"attributes\": {\"step\": null, \"low\": 0.17453292519943295, \"high\": 1.0471975511965976, \"log\": false}}"}
{"op_code":5,"worker_id":"2d5cab48-68d4-41c4-a2ad-3b9d34728610-133996216725632","trial_id":7,"param_name":"OuterRadius","param_value_internal":14.248911220129607,"distribution":"{\"name\": \"FloatDistribution\", \"attributes\": {\"step\": null, \"low\": 8.75, \"high\": 17.75, \"log\": false}}"}
{"op_code":5,"worker_id":"2d5cab48-68d4-41c4-a2ad-3b9d34728610-133996216725632","trial_id":7,"param_name":"JointHeight","param_value_internal":5.231121306877122,"distribution":"{\"name\": \"FloatDistribution\", \"attributes\": {\"step\": null, \"low\": 5.0, \"high\": 8.0, \"log\": false}}"}
{"op_code":5,"worker_id":"2d5cab48-68d4-41c4-a2ad-3b9d34728610-133996216725632","trial_id":7,"param_name":"CavityCorkThickness","param_value_internal":3.510065461038872,"distribution":"{\"name\": \"FloatDistribution\", \"attributes\": {\"step\": null, \"low\": 2.0, \"high\": 5.0, \"log\": false}}"}
{"op_code":5,"worker_id":"2d5cab48-68d4-41c4-a2ad-3b9d34728610-133996216725632","trial_id":7,"param_name":"BellowHeight","param_value_internal":6.861001439096127,"distribution":"{\"name\": \"FloatDistribution\", \"attributes\": {\"step\": null, \"low\": 6.0, \"high\": 10.0, \"log\": false}}"}
{"op_code":5,"worker_id":"2d5cab48-68d4-41c4-a2ad-3b9d34728610-133996216725632","trial_id":7,"param_name":"WallThickness","param_value_internal":3.162134672187526,"distribution":"{\"name\": \"FloatDistribution\", \"attributes\": {\"step\": null, \"low\": 2.0, \"high\": 4.0, \"log\": false}}"}
{"op_code":5,"worker_id":"2d5cab48-68d4-41c4-a2ad-3b9d34728610-133996216725632","trial_id":7,"param_name":"PlateauHeight","param_value_internal":3.22176442332794,"distribution":"{\"name\": \"FloatDistribution\", \"attributes\": {\"step\": null, \"low\": 2.0, \"high\": 4.0, \"log\": false}}"}
{"op_code":6,"worker_id":"2d5cab48-68d4-41c4-a2ad-3b9d34728610-133996216725632","trial_id":7,"state":1,"values":[580.8252211672973,0.038048472024747954,0.35730602416665735],"datetime_complete":"2026-06-09T10:02:37.658519"}
{"op_code":4,"worker_id":"2d5cab48-68d4-41c4-a2ad-3b9d34728610-133996216725632","study_id":0,"datetime_start":"2026-06-09T10:02:37.660513"}
{"op_code":9,"worker_id":"2d5cab48-68d4-41c4-a2ad-3b9d34728610-133996216725632","trial_id":8,"system_attr":{"nsga2:generation":0}}
{"op_code":5,"worker_id":"2d5cab48-68d4-41c4-a2ad-3b9d34728610-133996216725632","trial_id":8,"param_name":"JointSlopeAngle","param_value_internal":0.9727100914471023,"distribution":"{\"name\": \"FloatDistribution\", \"attributes\": {\"step\": null, \"low\": 0.17453292519943295, \"high\": 1.0471975511965976, \"log\": false}}"}
{"op_code":5,"worker_id":"2d5cab48-68d4-41c4-a2ad-3b9d34728610-133996216725632","trial_id":8,"param_name":"OuterRadius","param_value_internal":9.103282351473837,"distribution":"{\"name\": \"FloatDistribution\", \"attributes\": {\"step\": null, \"low\": 8.75, \"high\": 17.75, \"log\": false}}"}
{"op_code":5,"worker_id":"2d5cab48-68d4-41c4-a2ad-3b9d34728610-133996216725632","trial_id":8,"param_name":"JointHeight","param_value_internal":6.639342390631472,"distribution":"{\"name\": \"FloatDistribution\", \"attributes\": {\"step\": null, \"low\": 5.0, \"high\": 8.0, \"log\": false}}"}
{"op_code":5,"worker_id":"2d5cab48-68d4-41c4-a2ad-3b9d34728610-133996216725632","trial_id":8,"param_name":"CavityCorkThickness","param_value_internal":2.2736337618528304,"distribution":"{\"name\": \"FloatDistribution\", \"attributes\": {\"step\": null, \"low\": 2.0, \"high\": 5.0, \"log\": false}}"}
{"op_code":5,"worker_id":"2d5cab48-68d4-41c4-a2ad-3b9d34728610-133996216725632","trial_id":8,"param_name":"BellowHeight","param_value_internal":7.904385826328662,"distribution":"{\"name\": \"FloatDistribution\", \"attributes\": {\"step\": null, \"low\": 6.0, \"high\": 10.0, \"log\": false}}"}
{"op_code":5,"worker_id":"2d5cab48-68d4-41c4-a2ad-3b9d34728610-133996216725632","trial_id":8,"param_name":"WallThickness","param_value_internal":3.3616149670026614,"distribution":"{\"name\": \"FloatDistribution\", \"attributes\": {\"step\": null, \"low\": 2.0, \"high\": 4.0, \"log\": false}}"}
{"op_code":5,"worker_id":"2d5cab48-68d4-41c4-a2ad-3b9d34728610-133996216725632","trial_id":8,"param_name":"PlateauHeight","param_value_internal":3.1699523382394856,"distribution":"{\"name\": \"FloatDistribution\", \"attributes\": {\"step\": null, \"low\": 2.0, \"high\": 4.0, \"log\": false}}"}
{"op_code":6,"worker_id":"2d5cab48-68d4-41c4-a2ad-3b9d34728610-133996216725632","trial_id":8,"state":1,"values":[197.33789013288805,0.07100094599799066,0.5065834095197909],"datetime_complete":"2026-06-09T10:02:38.578570"}
{"op_code":4,"worker_id":"2d5cab48-68d4-41c4-a2ad-3b9d34728610-133996216725632","study_id":0,"datetime_start":"2026-06-09T10:02:38.580763"}
{"op_code":9,"worker_id":"2d5cab48-68d4-41c4-a2ad-3b9d34728610-133996216725632","trial_id":9,"system_attr":{"nsga2:generation":0}}
{"op_code":5,"worker_id":"2d5cab48-68d4-41c4-a2ad-3b9d34728610-133996216725632","trial_id":9,"param_name":"JointSlopeAngle","param_value_internal":0.44082137620271045,"distribution":"{\"name\": \"FloatDistribution\", \"attributes\": {\"step\": null, \"low\": 0.17453292519943295, \"high\": 1.0471975511965976, \"log\": false}}"}
{"op_code":5,"worker_id":"2d5cab48-68d4-41c4-a2ad-3b9d34728610-133996216725632","trial_id":9,"param_name":"OuterRadius","param_value_internal":16.83459939865267,"distribution":"{\"name\": \"FloatDistribution\", \"attributes\": {\"step\": null, \"low\": 8.75, \"high\": 17.75, \"log\": false}}"}
{"op_code":5,"worker_id":"2d5cab48-68d4-41c4-a2ad-3b9d34728610-133996216725632","trial_id":9,"param_name":"JointHeight","param_value_internal":6.269602741581933,"distribution":"{\"name\": \"FloatDistribution\", \"attributes\": {\"step\": null, \"low\": 5.0, \"high\": 8.0, \"log\": false}}"}
{"op_code":5,"worker_id":"2d5cab48-68d4-41c4-a2ad-3b9d34728610-133996216725632","trial_id":9,"param_name":"CavityCorkThickness","param_value_internal":3.0520803667766687,"distribution":"{\"name\": \"FloatDistribution\", \"attributes\": {\"step\": null, \"low\": 2.0, \"high\": 5.0, \"log\": false}}"}
{"op_code":5,"worker_id":"2d5cab48-68d4-41c4-a2ad-3b9d34728610-133996216725632","trial_id":9,"param_name":"BellowHeight","param_value_internal":7.7844216498153935,"distribution":"{\"name\": \"FloatDistribution\", \"attributes\": {\"step\": null, \"low\": 6.0, \"high\": 10.0, \"log\": false}}"}
{"op_code":5,"worker_id":"2d5cab48-68d4-41c4-a2ad-3b9d34728610-133996216725632","trial_id":9,"param_name":"WallThickness","param_value_internal":3.8247249542802333,"distribution":"{\"name\": \"FloatDistribution\", \"attributes\": {\"step\": null, \"low\": 2.0, \"high\": 4.0, \"log\": false}}"}
{"op_code":5,"worker_id":"2d5cab48-68d4-41c4-a2ad-3b9d34728610-133996216725632","trial_id":9,"param_name":"PlateauHeight","param_value_internal":3.3506895733035007,"distribution":"{\"name\": \"FloatDistribution\", \"attributes\": {\"step\": null, \"low\": 2.0, \"high\": 4.0, \"log\": false}}"}
{"op_code":6,"worker_id":"2d5cab48-68d4-41c4-a2ad-3b9d34728610-133996216725632","trial_id":9,"state":1,"values":[987.3926478754305,0.056922123619593284,0.36977224663182034],"datetime_complete":"2026-06-09T10:02:39.846247"}
{"op_code":0,"worker_id":"1b8e4b2a-74ea-448e-a18e-ca9b04233718-133996216725632","study_name":"SensorFinger_1_optuna_evolutionary","directions":[2,2,2]}
{"op_code":0,"worker_id":"1b8e4b2a-74ea-448e-a18e-ca9b04233718-133996216725632","study_name":"SensorFinger_1_optuna_evolutionary","directions":[2,2,2]}
{"op_code":0,"worker_id":"47348757-aba1-48d9-8fc3-0928d7485818-133996216725632","study_name":"SensorFinger_1_optuna_evolutionary","directions":[2,2,2]}
{"op_code":0,"worker_id":"47348757-aba1-48d9-8fc3-0928d7485818-133996216725632","study_name":"SensorFinger_1_optuna_evolutionary","directions":[2,2,2]}
