{"op_code":0,"worker_id":"7a8a90bc-04e5-47d0-bf22-0456466e91ef-129087713038464","study_name":"SensorFinger_0_optuna_evolutionary","directions":[2,2]}
{"op_code":4,"worker_id":"7a8a90bc-04e5-47d0-bf22-0456466e91ef-129087713038464","study_id":0,"datetime_start":"2025-12-04T11:49:39.482386"}
{"op_code":9,"worker_id":"7a8a90bc-04e5-47d0-bf22-0456466e91ef-129087713038464","trial_id":0,"system_attr":{"nsga2:generation":0}}
{"op_code":5,"worker_id":"7a8a90bc-04e5-47d0-bf22-0456466e91ef-129087713038464","trial_id":0,"param_name":"JointSlopeAngle","param_value_internal":0.4859562000297861,"distribution":"{\"name\": \"FloatDistribution\", \"attributes\": {\"step\": null, \"low\": 0.17453292519943295, \"high\": 1.0471975511965976, \"log\": false}}"}
{"op_code":5,"worker_id":"7a8a90bc-04e5-47d0-bf22-0456466e91ef-129087713038464","trial_id":0,"param_name":"OuterRadius","param_value_internal":10.46540790362512,"distribution":"{\"name\": \"FloatDistribution\", \"attributes\": {\"step\": null, \"low\": 8.75, \"high\": 17.75, \"log\": false}}"}
{"op_code":5,"worker_id":"7a8a90bc-04e5-47d0-bf22-0456466e91ef-129087713038464","trial_id":0,"param_name":"JointHeight","param_value_internal":7.998723487854955,"distribution":"{\"name\": \"FloatDistribution\", \"attributes\": {\"step\": null, \"low\": 5.0, \"high\": 8.0, \"log\": false}}"}
{"op_code":5,"worker_id":"7a8a90bc-04e5-47d0-bf22-0456466e91ef-129087713038464","trial_id":0,"param_name":"CavityCorkThickness","param_value_internal":4.8949154054321635,"distribution":"{\"name\": \"FloatDistribution\", \"attributes\": {\"step\": null, \"low\": 2.0, \"high\": 5.0, \"log\": false}}"}
{"op_code":5,"worker_id":"7a8a90bc-04e5-47d0-bf22-0456466e91ef-129087713038464","trial_id":0,"param_name":"BellowHeight","param_value_internal":9.904010573044054,"distribution":"{\"name\": \"FloatDistribution\", \"attributes\": {\"step\": null, \"low\": 6.0, \"high\": 10.0, \"log\": false}}"}
{"op_code":5,"worker_id":"7a8a90bc-04e5-47d0-bf22-0456466e91ef-129087713038464","trial_id":0,"param_name":"WallThickness","param_value_internal":3.308183825742683,"distribution":"{\"name\": \"FloatDistribution\", \"attributes\": {\"step\": null, \"low\": 2.0, \"high\": 4.0, \"log\": false}}"}
{"op_code":5,"worker_id":"7a8a90bc-04e5-47d0-bf22-0456466e91ef-129087713038464","trial_id":0,"param_name":"PlateauHeight","param_value_internal":2.0399045554319035,"distribution":"{\"name\": \"FloatDistribution\", \"attributes\": {\"step\": null, \"low\": 2.0, \"high\": 4.0, \"log\": false}}"}
{"op_code":6,"worker_id":"7a8a90bc-04e5-47d0-bf22-0456466e91ef-129087713038464","trial_id":0,"state":1,"values":[107.39218578237859,0.357802407627734],"datetime_complete":"2025-12-04T11:49:41.255408"}
{"op_code":4,"worker_id":"7a8a90bc-04e5-47d0-bf22-0456466e91ef-129087713038464","study_id":0,"datetime_start":"2025-12-04T11:49:41.257410"}
{"op_code":9,"worker_id":"7a8a90bc-04e5-47d0-bf22-0456466e91ef-129087713038464","trial_id":1,"system_attr":{"nsga2:generation":0}}
{"op_code":5,"worker_id":"7a8a90bc-04e5-47d0-bf22-0456466e91ef-129087713038464","trial_id":1,"param_name":"JointSlopeAngle","param_value_internal":1.0163910748094083,"distribution":"{\"name\": \"FloatDistribution\", \"attributes\": {\"step\": null, \"low\": 0.17453292519943295, \"high\": 1.0471975511965976, \"log\": false}}"}
{"op_code":5,"worker_id":"7a8a90bc-04e5-47d0-bf22-0456466e91ef-129087713038464","trial_id":1,"param_name":"OuterRadius","param_value_internal":16.772872647929127,"distribution":"{\"name\": \"FloatDistribution\", \"attributes\": {\"step\": null, \"low\": 8.75, \"high\": 17.75, \"log\": false}}"}
{"op_code":5,"worker_id":"7a8a90bc-04e5-47d0-bf22-0456466e91ef-129087713038464","trial_id":1,"param_name":"JointHeight","param_value_internal":6.7734727468525,"distribution":"{\"name\": \"FloatDistribution\", \"attributes\": {\"step\": null, \"low\": 5.0, \"high\": 8.0, \"log\": false}}"}
{"op_code":5,"worker_id":"7a8a90bc-04e5-47d0-bf22-0456466e91ef-129087713038464","trial_id":1,"param_name":"CavityCorkThickness","param_value_internal":3.3566341445031846,"distribution":"{\"name\": \"FloatDistribution\", \"attributes\": {\"step\": null, \"low\": 2.0, \"high\": 5.0, \"log\": false}}"}
{"op_code":5,"worker_id":"7a8a90bc-04e5-47d0-bf22-0456466e91ef-129087713038464","trial_id":1,"param_name":"BellowHeight","param_value_internal":8.073958236470755,"distribution":"{\"name\": \"FloatDistribution\", \"attributes\": {\"step\": null, \"low\": 6.0, \"high\": 10.0, \"log\": false}}"}
{"op_code":5,"worker_id":"7a8a90bc-04e5-47d0-bf22-0456466e91ef-129087713038464","trial_id":1,"param_name":"WallThickness","param_value_internal":2.668888005274966,"distribution":"{\"name\": \"FloatDistribution\", \"attributes\": {\"step\": null, \"low\": 2.0, \"high\": 4.0, \"log\": false}}"}
{"op_code":5,"worker_id":"7a8a90bc-04e5-47d0-bf22-0456466e91ef-129087713038464","trial_id":1,"param_name":"PlateauHeight","param_value_internal":3.9483308439039533,"distribution":"{\"name\": \"FloatDistribution\", \"attributes\": {\"step\": null, \"low\": 2.0, \"high\": 4.0, \"log\": false}}"}
{"op_code":0,"worker_id":"00ec581e-4d70-48d5-af52-f29fc6d73934-138820590743680","study_name":"SensorFinger_0_optuna_evolutionary","directions":[2,2]}
{"op_code":0,"worker_id":"00ec581e-4d70-48d5-af52-f29fc6d73934-138820590743680","study_name":"SensorFinger_0_optuna_evolutionary","directions":[2,2]}
{"op_code":4,"worker_id":"00ec581e-4d70-48d5-af52-f29fc6d73934-138820590743680","study_id":0,"datetime_start":"2026-06-09T10:00:22.087707"}
{"op_code":9,"worker_id":"00ec581e-4d70-48d5-af52-f29fc6d73934-138820590743680","trial_id":2,"system_attr":{"nsga2:generation":0}}
{"op_code":5,"worker_id":"00ec581e-4d70-48d5-af52-f29fc6d73934-138820590743680","trial_id":2,"param_name":"JointSlopeAngle","param_value_internal":0.3144754795778454,"distribution":"{\"name\": \"FloatDistribution\", \"attributes\": {\"step\": null, \"low\": 0.17453292519943295, \"high\": 1.0471975511965976, \"log\": false}}"}
{"op_code":5,"worker_id":"00ec581e-4d70-48d5-af52-f29fc6d73934-138820590743680","trial_id":2,"param_name":"OuterRadius","param_value_internal":13.272347366039085,"distribution":"{\"name\": \"FloatDistribution\", \"attributes\": {\"step\": null, \"low\": 8.75, \"high\": 17.75, \"log\": false}}"}
{"op_code":5,"worker_id":"00ec581e-4d70-48d5-af52-f29fc6d73934-138820590743680","trial_id":2,"param_name":"JointHeight","param_value_internal":6.925313531681832,"distribution":"{\"name\": \"FloatDistribution\", \"attributes\": {\"step\": null, \"low\": 5.0, \"high\": 8.0, \"log\": false}}"}
{"op_code":5,"worker_id":"00ec581e-4d70-48d5-af52-f29fc6d73934-138820590743680","trial_id":2,"param_name":"CavityCorkThickness","param_value_internal":4.789423227668532,"distribution":"{\"name\": \"FloatDistribution\", \"attributes\": {\"step\": null, \"low\": 2.0, \"high\": 5.0, \"log\": false}}"}
{"op_code":5,"worker_id":"00ec581e-4d70-48d5-af52-f29fc6d73934-138820590743680","trial_id":2,"param_name":"BellowHeight","param_value_internal":8.837011746927006,"distribution":"{\"name\": \"FloatDistribution\", \"attributes\": {\"step\": null, \"low\": 6.0, \"high\": 10.0, \"log\": false}}"}
{"op_code":5,"worker_id":"00ec581e-4d70-48d5-af52-f29fc6d73934-138820590743680","trial_id":2,"param_name":"WallThickness","param_value_internal":3.8964958127806457,"distribution":"{\"name\": \"FloatDistribution\", \"attributes\": {\"step\": null, \"low\": 2.0, \"high\": 4.0, \"log\": false}}"}
{"op_code":5,"worker_id":"00ec581e-4d70-48d5-af52-f29fc6d73934-138820590743680","trial_id":2,"param_name":"PlateauHeight","param_value_internal":2.173036610527216,"distribution":"{\"name\": \"FloatDistribution\", \"attributes\": {\"step\": null, \"low\": 2.0, \"high\": 4.0, \"log\": false}}"}
{"op_code":6,"worker_id":"00ec581e-4d70-48d5-af52-f29fc6d73934-138820590743680","trial_id":2,"state":1,"values":[-Infinity,-Infinity],"datetime_complete":"2026-06-09T10:00:22.235536"}
{"op_code":4,"worker_id":"00ec581e-4d70-48d5-af52-f29fc6d73934-138820590743680","study_id":0,"datetime_start":"2026-06-09T10:00:22.237375"}
{"op_code":9,"worker_id":"00ec581e-4d70-48d5-af52-f29fc6d73934-138820590743680","trial_id":3,"system_attr":{"nsga2:generation":0}}
{"op_code":5,"worker_id":"00ec581e-4d70-48d5-af52-f29fc6d73934-138820590743680","trial_id":3,"param_name":"JointSlopeAngle","param_value_internal":0.5395021869726331,"distribution":"{\"name\": \"FloatDistribution\", \"attributes\": {\"step\": null, \"low\": 0.17453292519943295, \"high\": 1.0471975511965976, \"log\": false}}"}
{"op_code":5,"worker_id":"00ec581e-4d70-48d5-af52-f29fc6d73934-138820590743680","trial_id":3,"param_name":"OuterRadius","param_value_internal":16.44623543981082,"distribution":"{\"name\": \"FloatDistribution\", \"attributes\": {\"step\": null, \"low\": 8.75, \"high\": 17.75, \"log\": false}}"}
{"op_code":5,"worker_id":"00ec581e-4d70-48d5-af52-f29fc6d73934-138820590743680","trial_id":3,"param_name":"JointHeight","param_value_internal":5.268206187046527,"distribution":"{\"name\": \"FloatDistribution\", \"attributes\": {\"step\": null, \"low\": 5.0, \"high\": 8.0, \"log\": false}}"}
{"op_code":5,"worker_id":"00ec581e-4d70-48d5-af52-f29fc6d73934-138820590743680","trial_id":3,"param_name":"CavityCorkThickness","param_value_internal":3.651201937070107,"distribution":"{\"name\": \"FloatDistribution\", \"attributes\": {\"step\": null, \"low\": 2.0, \"high\": 5.0, \"log\": false}}"}
{"op_code":5,"worker_id":"00ec581e-4d70-48d5-af52-f29fc6d73934-138820590743680","trial_id":3,"param_name":"BellowHeight","param_value_internal":8.7522548179743,"distribution":"{\"name\": \"FloatDistribution\", \"attributes\": {\"step\": null, \"low\": 6.0, \"high\": 10.0, \"log\": false}}"}
{"op_code":5,"worker_id":"00ec581e-4d70-48d5-af52-f29fc6d73934-138820590743680","trial_id":3,"param_name":"WallThickness","param_value_internal":2.410340632902514,"distribution":"{\"name\": \"FloatDistribution\", \"attributes\": {\"step\": null, \"low\": 2.0, \"high\": 4.0, \"log\": false}}"}
{"op_code":5,"worker_id":"00ec581e-4d70-48d5-af52-f29fc6d73934-138820590743680","trial_id":3,"param_name":"PlateauHeight","param_value_internal":3.196866434863866,"distribution":"{\"name\": \"FloatDistribution\", \"attributes\": {\"step\": null, \"low\": 2.0, \"high\": 4.0, \"log\": false}}"}
{"op_code":6,"worker_id":"00ec581e-4d70-48d5-af52-f29fc6d73934-138820590743680","trial_id":3,"state":1,"values":[-Infinity,-Infinity],"datetime_complete":"2026-06-09T10:00:22.328402"}
{"op_code":4,"worker_id":"00ec581e-4d70-48d5-af52-f29fc6d73934-138820590743680","study_id":0,"datetime_start":"2026-06-09T10:00:22.329700"}
{"op_code":9,"worker_id":"00ec581e-4d70-48d5-af52-f29fc6d73934-138820590743680","trial_id":4,"system_attr":{"nsga2:generation":0}}
{"op_code":5,"worker_id":"00ec581e-4d70-48d5-af52-f29fc6d73934-138820590743680","trial_id":4,"param_name":"JointSlopeAngle","param_value_internal":0.8254757289848577,"distribution":"{\"name\": \"FloatDistribution\", \"attributes\": {\"step\": null, \"low\": 0.17453292519943295, \"high\": 1.0471975511965976, \"log\": false}}"}
{"op_code":5,"worker_id":"00ec581e-4d70-48d5-af52-f29fc6d73934-138820590743680","trial_id":4,"param_name":"OuterRadius","param_value_internal":11.800590174470617,"distribution":"{\"name\": \"FloatDistribution\", \"attributes\": {\"step\": null, \"low\": 8.75, \"high\": 17.75, \"log\": false}}"}
{"op_code":5,"worker_id":"00ec581e-4d70-48d5-af52-f29fc6d73934-138820590743680","trial_id":4,"param_name":"JointHeight","param_value_internal":6.435741309429514,"distribution":"{\"name\": \"FloatDistribution\", \"attributes\": {\"step\": null, \"low\": 5.0, \"high\": 8.0, \"log\": false}}"}
{"op_code":5,"worker_id":"00ec581e-4d70-48d5-af52-f29fc6d73934-138820590743680","trial_id":4,"param_name":"CavityCorkThickness","param_value_internal":4.665863288534174,"distribution":"{\"name\": \"FloatDistribution\", \"attributes\": {\"step\": null, \"low\": 2.0, \"high\": 5.0, \"log\": false}}"}
{"op_code":5,"worker_id":"00ec581e-4d70-48d5-af52-f29fc6d73934-138820590743680","trial_id":4,"param_name":"BellowHeight","param_value_internal":6.457715062197773,"distribution":"{\"name\": \"FloatDistribution\", \"attributes\": {\"step\": null, \"low\": 6.0, \"high\": 10.0, \"log\": false}}"}
{"op_code":5,"worker_id":"00ec581e-4d70-48d5-af52-f29fc6d73934-138820590743680","trial_id":4,"param_name":"WallThickness","param_value_internal":2.542705230730629,"distribution":"{\"name\": \"FloatDistribution\", \"attributes\": {\"step\": null, \"low\": 2.0, \"high\": 4.0, \"log\": false}}"}
{"op_code":5,"worker_id":"00ec581e-4d70-48d5-af52-f29fc6d73934-138820590743680","trial_id":4,"param_name":"PlateauHeight","param_value_internal":3.298761480305682,"distribution":"{\"name\": \"FloatDistribution\", \"attributes\": {\"step\": null, \"low\": 2.0, \"high\": 4.0, \"log\": false}}"}
{"op_code":6,"worker_id":"00ec581e-4d70-48d5-af52-f29fc6d73934-138820590743680","trial_id":4,"state":1,"values":[-Infinity,-Infinity],"datetime_complete":"2026-06-09T10:00:22.422768"}
{"op_code":4,"worker_id":"00ec581e-4d70-48d5-af52-f29fc6d73934-138820590743680","study_id":0,"datetime_start":"2026-06-09T10:00:22.424101"}
{"op_code":9,"worker_id":"00ec581e-4d70-48d5-af52-f29fc6d73934-138820590743680","trial_id":5,"system_attr":{"nsga2:generation":0}}
{"op_code":5,"worker_id":"00ec581e-4d70-48d5-af52-f29fc6d73934-138820590743680","trial_id":5,"param_name":"JointSlopeAngle","param_value_internal":0.2368803929161318,"distribution":"{\"name\": \"FloatDistribution\", \"attributes\": {\"step\": null, \"low\": 0.17453292519943295, \"high\": 1.0471975511965976, \"log\": false}}"}
{"op_code":5,"worker_id":"00ec581e-4d70-48d5-af52-f29fc6d73934-138820590743680","trial_id":5,"param_name":"OuterRadius","param_value_internal":9.111627018062332,"distribution":"{\"name\": \"FloatDistribution\", \"attributes\": {\"step\": null, \"low\": 8.75, \"high\": 17.75, \"log\": false}}"}
{"op_code":5,"worker_id":"00ec581e-4d70-48d5-af52-f29fc6d73934-138820590743680","trial_id":5,"param_name":"JointHeight","param_value_internal":5.787294168876171,"distribution":"{\"name\": \"FloatDistribution\", \"attributes\": {\"step\": null, \"low\": 5.0, \"high\": 8.0, \"log\": false}}"}
{"op_code":5,"worker_id":"00ec581e-4d70-48d5-af52-f29fc6d73934-138820590743680","trial_id":5,"param_name":"CavityCorkThickness","param_value_internal":3.519576662702553,"distribution":"{\"name\": \"FloatDistribution\", \"attributes\": {\"step\": null, \"low\": 2.0, \"high\": 5.0, \"log\": false}}"}
{"op_code":5,"worker_id":"00ec581e-4d70-48d5-af52-f29fc6d73934-138820590743680","trial_id":5,"param_name":"BellowHeight","param_value_internal":9.976338898146995,"distribution":"{\"name\": \"FloatDistribution\", \"attributes\": {\"step\": null, \"low\": 6.0, \"high\": 10.0, \"log\": false}}"}
{"op_code":5,"worker_id":"00ec581e-4d70-48d5-af52-f29fc6d73934-138820590743680","trial_id":5,"param_name":"WallThickness","param_value_internal":3.6097273933390173,"distribution":"{\"name\": \"FloatDistribution\", \"attributes\": {\"step\": null, \"low\": 2.0, \"high\": 4.0, \"log\": false}}"}
{"op_code":5,"worker_id":"00ec581e-4d70-48d5-af52-f29fc6d73934-138820590743680","trial_id":5,"param_name":"PlateauHeight","param_value_internal":2.4386176936724624,"distribution":"{\"name\": \"FloatDistribution\", \"attributes\": {\"step\": null, \"low\": 2.0, \"high\": 4.0, \"log\": false}}"}
{"op_code":6,"worker_id":"00ec581e-4d70-48d5-af52-f29fc6d73934-138820590743680","trial_id":5,"state":1,"values":[-Infinity,-Infinity],"datetime_complete":"2026-06-09T10:00:22.514990"}
{"op_code":4,"worker_id":"00ec581e-4d70-48d5-af52-f29fc6d73934-138820590743680","study_id":0,"datetime_start":"2026-06-09T10:00:22.516435"}
{"op_code":9,"worker_id":"00ec581e-4d70-48d5-af52-f29fc6d73934-138820590743680","trial_id":6,"system_attr":{"nsga2:generation":0}}
{"op_code":5,"worker_id":"00ec581e-4d70-48d5-af52-f29fc6d73934-138820590743680","trial_id":6,"param_name":"JointSlopeAngle","param_value_internal":0.9241123889012678,"distribution":"{\"name\": \"FloatDistribution\", \"attributes\": {\"step\": null, \"low\": 0.17453292519943295, \"high\": 1.0471975511965976, \"log\": false}}"}
{"op_code":5,"worker_id":"00ec581e-4d70-48d5-af52-f29fc6d73934-138820590743680","trial_id":6,"param_name":"OuterRadius","param_value_internal":12.36409180313682,"distribution":"{\"name\": \"FloatDistribution\", \"attributes\": {\"step\": null, \"low\": 8.75, \"high\": 17.75, \"log\": false}}"}
{"op_code":5,"worker_id":"00ec581e-4d70-48d5-af52-f29fc6d73934-138820590743680","trial_id":6,"param_name":"JointHeight","param_value_internal":5.126029380333342,"distribution":"{\"name\": \"FloatDistribution\", \"attributes\": {\"step\": null, \"low\": 5.0, \"high\": 8.0, \"log\": false}}"}
{"op_code":5,"worker_id":"00ec581e-4d70-48d5-af52-f29fc6d73934-138820590743680","trial_id":6,"param_name":"CavityCorkThickness","param_value_internal":2.9140963109508315,"distribution":"{\"name\": \"FloatDistribution\", \"attributes\": {\"step\": null, \"low\": 2.0, \"high\": 5.0, \"log\": false}}"}
{"op_code":5,"worker_id":"00ec581e-4d70-48d5-af52-f29fc6d73934-138820590743680","trial_id":6,"param_name":"BellowHeight","param_value_internal":8.650958029978064,"distribution":"{\"name\": \"FloatDistribution\", \"attributes\": {\"step\": null, \"low\": 6.0, \"high\": 10.0, \"log\": false}}"}
{"op_code":5,"worker_id":"00ec581e-4d70-48d5-af52-f29fc6d73934-138820590743680","trial_id":6,"param_name":"WallThickness","param_value_internal":3.725312923911341,"distribution":"{\"name\": \"FloatDistribution\", \"attributes\": {\"step\": null, \"low\": 2.0, \"high\": 4.0, \"log\": false}}"}
{"op_code":5,"worker_id":"00ec581e-4d70-48d5-af52-f29fc6d73934-138820590743680","trial_id":6,"param_name":"PlateauHeight","param_value_internal":3.1244310403620226,"distribution":"{\"name\": \"FloatDistribution\", \"attributes\": {\"step\": null, \"low\": 2.0, \"high\": 4.0, \"log\": false}}"}
{"op_code":6,"worker_id":"00ec581e-4d70-48d5-af52-f29fc6d73934-138820590743680","trial_id":6,"state":1,"values":[-Infinity,-Infinity],"datetime_complete":"2026-06-09T10:00:22.609373"}
{"op_code":4,"worker_id":"00ec581e-4d70-48d5-af52-f29fc6d73934-138820590743680","study_id":0,"datetime_start":"2026-06-09T10:00:22.610882"}
{"op_code":9,"worker_id":"00ec581e-4d70-48d5-af52-f29fc6d73934-138820590743680","trial_id":7,"system_attr":{"nsga2:generation":0}}
{"op_code":5,"worker_id":"00ec581e-4d70-48d5-af52-f29fc6d73934-138820590743680","trial_id":7,"param_name":"JointSlopeAngle","param_value_internal":0.3354282264997115,"distribution":"{\"name\": \"FloatDistribution\", \"attributes\": {\"step\": null, \"low\": 0.17453292519943295, \"high\": 1.0471975511965976, \"log\": false}}"}
{"op_code":5,"worker_id":"00ec581e-4d70-48d5-af52-f29fc6d73934-138820590743680","trial_id":7,"param_name":"OuterRadius","param_value_internal":10.319357911856141,"distribution":"{\"name\": \"FloatDistribution\", \"attributes\": {\"step\": null, \"low\": 8.75, \"high\": 17.75, \"log\": false}}"}
{"op_code":5,"worker_id":"00ec581e-4d70-48d5-af52-f29fc6d73934-138820590743680","trial_id":7,"param_name":"JointHeight","param_value_internal":6.423101165335869,"distribution":"{\"name\": \"FloatDistribution\", \"attributes\": {\"step\": null, \"low\": 5.0, \"high\": 8.0, \"log\": false}}"}
{"op_code":5,"worker_id":"00ec581e-4d70-48d5-af52-f29fc6d73934-138820590743680","trial_id":7,"param_name":"CavityCorkThickness","param_value_internal":2.976801431558382,"distribution":"{\"name\": \"FloatDistribution\", \"attributes\": {\"step\": null, \"low\": 2.0, \"high\": 5.0, \"log\": false}}"}
{"op_code":5,"worker_id":"00ec581e-4d70-48d5-af52-f29fc6d73934-138820590743680","trial_id":7,"param_name":"BellowHeight","param_value_internal":8.597407560338182,"distribution":"{\"name\": \"FloatDistribution\", \"attributes\": {\"step\": null, \"low\": 6.0, \"high\": 10.0, \"log\": false}}"}
{"op_code":5,"worker_id":"00ec581e-4d70-48d5-af52-f29fc6d73934-138820590743680","trial_id":7,"param_name":"WallThickness","param_value_internal":3.8410242125239478,"distribution":"{\"name\": \"FloatDistribution\", \"attributes\": {\"step\": null, \"low\": 2.0, \"high\": 4.0, \"log\": false}}"}
{"op_code":5,"worker_id":"00ec581e-4d70-48d5-af52-f29fc6d73934-138820590743680","trial_id":7,"param_name":"PlateauHeight","param_value_internal":3.7679663162066253,"distribution":"{\"name\": \"FloatDistribution\", \"attributes\": {\"step\": null, \"low\": 2.0, \"high\": 4.0, \"log\": false}}"}
{"op_code":6,"worker_id":"00ec581e-4d70-48d5-af52-f29fc6d73934-138820590743680","trial_id":7,"state":1,"values":[-Infinity,-Infinity],"datetime_complete":"2026-06-09T10:00:22.701692"}
{"op_code":4,"worker_id":"00ec581e-4d70-48d5-af52-f29fc6d73934-138820590743680","study_id":0,"datetime_start":"2026-06-09T10:00:22.703057"}
{"op_code":9,"worker_id":"00ec581e-4d70-48d5-af52-f29fc6d73934-138820590743680","trial_id":8,"system_attr":{"nsga2:generation":0}}
{"op_code":5,"worker_id":"00ec581e-4d70-48d5-af52-f29fc6d73934-138820590743680","trial_id":8,"param_name":"JointSlopeAngle","param_value_internal":0.2780945391963109,"distribution":"{\"name\": \"FloatDistribution\", \"attributes\": {\"step\": null, \"low\": 0.17453292519943295, \"high\": 1.0471975511965976, \"log\": false}}"}
{"op_code":5,"worker_id":"00ec581e-4d70-48d5-af52-f29fc6d73934-138820590743680","trial_id":8,"param_name":"OuterRadius","param_value_internal":13.670664600897805,"distribution":"{\"name\": \"FloatDistribution\", \"attributes\": {\"step\": null, \"low\": 8.75, \"high\": 17.75, \"log\": false}}"}
{"op_code":5,"worker_id":"00ec581e-4d70-48d5-af52-f29fc6d73934-138820590743680","trial_id":8,"param_name":"JointHeight","param_value_internal":6.440382911222997,"distribution":"{\"name\": \"FloatDistribution\", \"attributes\": {\"step\": null, \"low\": 5.0, \"high\": 8.0, \"log\": false}}"}
{"op_code":5,"worker_id":"00ec581e-4d70-48d5-af52-f29fc6d73934-138820590743680","trial_id":8,"param_name":"CavityCorkThickness","param_value_internal":2.9698858406487707,"distribution":"{\"name\": \"FloatDistribution\", \"attributes\": {\"step\": null, \"low\": 2.0, \"high\": 5.0, \"log\": false}}"}
{"op_code":5,"worker_id":"00ec581e-4d70-48d5-af52-f29fc6d73934-138820590743680","trial_id":8,"param_name":"BellowHeight","param_value_internal":6.437166374400847,"distribution":"{\"name\": \"FloatDistribution\", \"attributes\": {\"step\": null, \"low\": 6.0, \"high\": 10.0, \"log\": false}}"}
{"op_code":5,"worker_id":"00ec581e-4d70-48d5-af52-f29fc6d73934-138820590743680","trial_id":8,"param_name":"WallThickness","param_value_internal":3.9027544157414606,"distribution":"{\"name\": \"FloatDistribution\", \"attributes\": {\"step\": null, \"low\": 2.0, \"high\": 4.0, \"log\": false}}"}
{"op_code":5,"worker_id":"00ec581e-4d70-48d5-af52-f29fc6d73934-138820590743680","trial_id":8,"param_name":"PlateauHeight","param_value_internal":3.6637772511544417,"distribution":"{\"name\": \"FloatDistribution\", \"attributes\": {\"step\": null, \"low\": 2.0, \"high\": 4.0, \"log\": false}}"}
{"op_code":6,"worker_id":"00ec581e-4d70-48d5-af52-f29fc6d73934-138820590743680","trial_id":8,"state":1,"values":[-Infinity,-Infinity],"datetime_complete":"2026-06-09T10:00:22.800290"}
{"op_code":4,"worker_id":"00ec581e-4d70-48d5-af52-f29fc6d73934-138820590743680","study_id":0,"datetime_start":"2026-06-09T10:00:22.804769"}
{"op_code":9,"worker_id":"00ec581e-4d70-48d5-af52-f29fc6d73934-138820590743680","trial_id":9,"system_attr":{"nsga2:generation":0}}
{"op_code":5,"worker_id":"00ec581e-4d70-48d5-af52-f29fc6d73934-138820590743680","trial_id":9,"param_name":"JointSlopeAngle","param_value_internal":0.5151162819800054,"distribution":"{\"name\": \"FloatDistribution\", \"attributes\": {\"step\": null, \"low\": 0.17453292519943295, \"high\": 1.0471975511965976, \"log\": false}}"}
{"op_code":5,"worker_id":"00ec581e-4d70-48d5-af52-f29fc6d73934-138820590743680","trial_id":9,"param_name":"OuterRadius","param_value_internal":11.238544453186796,"distribution":"{\"name\": \"FloatDistribution\", \"attributes\": {\"step\": null, \"low\": 8.75, \"high\": 17.75, \"log\": false}}"}
{"op_code":5,"worker_id":"00ec581e-4d70-48d5-af52-f29fc6d73934-138820590743680","trial_id":9,"param_name":"JointHeight","param_value_internal":6.819143571813394,"distribution":"{\"name\": \"FloatDistribution\", \"attributes\": {\"step\": null, \"low\": 5.0, \"high\": 8.0, \"log\": false}}"}
{"op_code":5,"worker_id":"00ec581e-4d70-48d5-af52-f29fc6d73934-138820590743680","trial_id":9,"param_name":"CavityCorkThickness","param_value_internal":4.66664337035945,"distribution":"{\"name\": \"FloatDistribution\", \"attributes\": {\"step\": null, \"low\": 2.0, \"high\": 5.0, \"log\": false}}"}
{"op_code":5,"worker_id":"00ec581e-4d70-48d5-af52-f29fc6d73934-138820590743680","trial_id":9,"param_name":"BellowHeight","param_value_internal":6.752465735694171,"distribution":"{\"name\": \"FloatDistribution\", \"attributes\": {\"step\": null, \"low\": 6.0, \"high\": 10.0, \"log\": false}}"}
{"op_code":5,"worker_id":"00ec581e-4d70-48d5-af52-f29fc6d73934-138820590743680","trial_id":9,"param_name":"WallThickness","param_value_internal":3.5587441022629034,"distribution":"{\"name\": \"FloatDistribution\", \"attributes\": {\"step\": null, \"low\": 2.0, \"high\": 4.0, \"log\": false}}"}
{"op_code":5,"worker_id":"00ec581e-4d70-48d5-af52-f29fc6d73934-138820590743680","trial_id":9,"param_name":"PlateauHeight","param_value_internal":3.802773223443169,"distribution":"{\"name\": \"FloatDistribution\", \"attributes\": {\"step\": null, \"low\": 2.0, \"high\": 4.0, \"log\": false}}"}
{"op_code":6,"worker_id":"00ec581e-4d70-48d5-af52-f29fc6d73934-138820590743680","trial_id":9,"state":1,"values":[-Infinity,-Infinity],"datetime_complete":"2026-06-09T10:00:22.895722"}
{"op_code":4,"worker_id":"00ec581e-4d70-48d5-af52-f29fc6d73934-138820590743680","study_id":0,"datetime_start":"2026-06-09T10:00:22.897077"}
{"op_code":9,"worker_id":"00ec581e-4d70-48d5-af52-f29fc6d73934-138820590743680","trial_id":10,"system_attr":{"nsga2:generation":0}}
{"op_code":5,"worker_id":"00ec581e-4d70-48d5-af52-f29fc6d73934-138820590743680","trial_id":10,"param_name":"JointSlopeAngle","param_value_internal":0.18228615644216423,"distribution":"{\"name\": \"FloatDistribution\", \"attributes\": {\"step\": null, \"low\": 0.17453292519943295, \"high\": 1.0471975511965976, \"log\": false}}"}
{"op_code":5,"worker_id":"00ec581e-4d70-48d5-af52-f29fc6d73934-138820590743680","trial_id":10,"param_name":"OuterRadius","param_value_internal":12.712439820143743,"distribution":"{\"name\": \"FloatDistribution\", \"attributes\": {\"step\": null, \"low\": 8.75, \"high\": 17.75, \"log\": false}}"}
{"op_code":5,"worker_id":"00ec581e-4d70-48d5-af52-f29fc6d73934-138820590743680","trial_id":10,"param_name":"JointHeight","param_value_internal":6.682247288324303,"distribution":"{\"name\": \"FloatDistribution\", \"attributes\": {\"step\": null, \"low\": 5.0, \"high\": 8.0, \"log\": false}}"}
{"op_code":5,"worker_id":"00ec581e-4d70-48d5-af52-f29fc6d73934-138820590743680","trial_id":10,"param_name":"CavityCorkThickness","param_value_internal":3.8954803040517993,"distribution":"{\"name\": \"FloatDistribution\", \"attributes\": {\"step\": null, \"low\": 2.0, \"high\": 5.0, \"log\": false}}"}
{"op_code":5,"worker_id":"00ec581e-4d70-48d5-af52-f29fc6d73934-138820590743680","trial_id":10,"param_name":"BellowHeight","param_value_internal":6.195333376236176,"distribution":"{\"name\": \"FloatDistribution\", \"attributes\": {\"step\": null, \"low\": 6.0, \"high\": 10.0, \"log\": false}}"}
{"op_code":5,"worker_id":"00ec581e-4d70-48d5-af52-f29fc6d73934-138820590743680","trial_id":10,"param_name":"WallThickness","param_value_internal":3.3629628744172284,"distribution":"{\"name\": \"FloatDistribution\", \"attributes\": {\"step\": null, \"low\": 2.0, \"high\": 4.0, \"log\": false}}"}
{"op_code":5,"worker_id":"00ec581e-4d70-48d5-af52-f29fc6d73934-138820590743680","trial_id":10,"param_name":"PlateauHeight","param_value_internal":2.184358033947744,"distribution":"{\"name\": \"FloatDistribution\", \"attributes\": {\"step\": null, \"low\": 2.0, \"high\": 4.0, \"log\": false}}"}
{"op_code":6,"worker_id":"00ec581e-4d70-48d5-af52-f29fc6d73934-138820590743680","trial_id":10,"state":1,"values":[-Infinity,-Infinity],"datetime_complete":"2026-06-09T10:00:22.987739"}
{"op_code":4,"worker_id":"00ec581e-4d70-48d5-af52-f29fc6d73934-138820590743680","study_id":0,"datetime_start":"2026-06-09T10:00:22.989100"}
{"op_code":9,"worker_id":"00ec581e-4d70-48d5-af52-f29fc6d73934-138820590743680","trial_id":11,"system_attr":{"nsga2:generation":0}}
{"op_code":5,"worker_id":"00ec581e-4d70-48d5-af52-f29fc6d73934-138820590743680","trial_id":11,"param_name":"JointSlopeAngle","param_value_internal":0.7165074929554623,"distribution":"{\"name\": \"FloatDistribution\", \"attributes\": {\"step\": null, \"low\": 0.17453292519943295, \"high\": 1.0471975511965976, \"log\": false}}"}
{"op_code":5,"worker_id":"00ec581e-4d70-48d5-af52-f29fc6d73934-138820590743680","trial_id":11,"param_name":"OuterRadius","param_value_internal":16.73476756938679,"distribution":"{\"name\": \"FloatDistribution\", \"attributes\": {\"step\": null, \"low\": 8.75, \"high\": 17.75, \"log\": false}}"}
{"op_code":5,"worker_id":"00ec581e-4d70-48d5-af52-f29fc6d73934-138820590743680","trial_id":11,"param_name":"JointHeight","param_value_internal":5.855524820549919,"distribution":"{\"name\": \"FloatDistribution\", \"attributes\": {\"step\": null, \"low\": 5.0, \"high\": 8.0, \"log\": false}}"}
{"op_code":5,"worker_id":"00ec581e-4d70-48d5-af52-f29fc6d73934-138820590743680","trial_id":11,"param_name":"CavityCorkThickness","param_value_internal":4.99126179467008,"distribution":"{\"name\": \"FloatDistribution\", \"attributes\": {\"step\": null, \"low\": 2.0, \"high\": 5.0, \"log\": false}}"}
{"op_code":5,"worker_id":"00ec581e-4d70-48d5-af52-f29fc6d73934-138820590743680","trial_id":11,"param_name":"BellowHeight","param_value_internal":9.167392087142535,"distribution":"{\"name\": \"FloatDistribution\", \"attributes\": {\"step\": null, \"low\": 6.0, \"high\": 10.0, \"log\": false}}"}
{"op_code":5,"worker_id":"00ec581e-4d70-48d5-af52-f29fc6d73934-138820590743680","trial_id":11,"param_name":"WallThickness","param_value_internal":3.9868790523119335,"distribution":"{\"name\": \"FloatDistribution\", \"attributes\": {\"step\": null, \"low\": 2.0, \"high\": 4.0, \"log\": false}}"}
{"op_code":5,"worker_id":"00ec581e-4d70-48d5-af52-f29fc6d73934-138820590743680","trial_id":11,"param_name":"PlateauHeight","param_value_internal":3.043479743244234,"distribution":"{\"name\": \"FloatDistribution\", \"attributes\": {\"step\": null, \"low\": 2.0, \"high\": 4.0, \"log\": false}}"}
{"op_code":6,"worker_id":"00ec581e-4d70-48d5-af52-f29fc6d73934-138820590743680","trial_id":11,"state":1,"values":[-Infinity,-Infinity],"datetime_complete":"2026-06-09T10:00:23.079488"}
{"op_code":0,"worker_id":"46704083-6020-4ad7-a933-114c9d824cb5-138820590743680","study_name":"SensorFinger_0_optuna_evolutionary","directions":[2,2]}
{"op_code":0,"worker_id":"46704083-6020-4ad7-a933-114c9d824cb5-138820590743680","study_name":"SensorFinger_0_optuna_evolutionary","directions":[2,2]}
{"op_code":0,"worker_id":"4ce5c9df-8ece-49a1-997e-0b2ac8c28f51-138820590743680","study_name":"SensorFinger_0_optuna_evolutionary","directions":[2,2]}
{"op_code":0,"worker_id":"4ce5c9df-8ece-49a1-997e-0b2ac8c28f51-138820590743680","study_name":"SensorFinger_0_optuna_evolutionary","directions":[2,2]}
{"op_code":0,"worker_id":"f63e3029-b1de-4c93-aaf2-a2949156b832-139754104414336","study_name":"SensorFinger_0_optuna_evolutionary","directions":[2,2]}
{"op_code":0,"worker_id":"f63e3029-b1de-4c93-aaf2-a2949156b832-139754104414336","study_name":"SensorFinger_0_optuna_evolutionary","directions":[2,2]}
{"op_code":4,"worker_id":"f63e3029-b1de-4c93-aaf2-a2949156b832-139754104414336","study_id":0,"datetime_start":"2026-06-09T10:00:50.930718"}
{"op_code":9,"worker_id":"f63e3029-b1de-4c93-aaf2-a2949156b832-139754104414336","trial_id":12,"system_attr":{"nsga2:generation":0}}
{"op_code":5,"worker_id":"f63e3029-b1de-4c93-aaf2-a2949156b832-139754104414336","trial_id":12,"param_name":"JointSlopeAngle","param_value_internal":0.8569409583718353,"distribution":"{\"name\": \"FloatDistribution\", \"attributes\": {\"step\": null, \"low\": 0.17453292519943295, \"high\": 1.0471975511965976, \"log\": false}}"}
{"op_code":5,"worker_id":"f63e3029-b1de-4c93-aaf2-a2949156b832-139754104414336","trial_id":12,"param_name":"OuterRadius","param_value_internal":16.615888004371207,"distribution":"{\"name\": \"FloatDistribution\", \"attributes\": {\"step\": null, \"low\": 8.75, \"high\": 17.75, \"log\": false}}"}
{"op_code":5,"worker_id":"f63e3029-b1de-4c93-aaf2-a2949156b832-139754104414336","trial_id":12,"param_name":"JointHeight","param_value_internal":7.939547019288731,"distribution":"{\"name\": \"FloatDistribution\", \"attributes\": {\"step\": null, \"low\": 5.0, \"high\": 8.0, \"log\": false}}"}
{"op_code":5,"worker_id":"f63e3029-b1de-4c93-aaf2-a2949156b832-139754104414336","trial_id":12,"param_name":"CavityCorkThickness","param_value_internal":3.4010036243159716,"distribution":"{\"name\": \"FloatDistribution\", \"attributes\": {\"step\": null, \"low\": 2.0, \"high\": 5.0, \"log\": false}}"}
{"op_code":5,"worker_id":"f63e3029-b1de-4c93-aaf2-a2949156b832-139754104414336","trial_id":12,"param_name":"BellowHeight","param_value_internal":7.436700719278793,"distribution":"{\"name\": \"FloatDistribution\", \"attributes\": {\"step\": null, \"low\": 6.0, \"high\": 10.0, \"log\": false}}"}
{"op_code":5,"worker_id":"f63e3029-b1de-4c93-aaf2-a2949156b832-139754104414336","trial_id":12,"param_name":"WallThickness","param_value_internal":2.205901028191446,"distribution":"{\"name\": \"FloatDistribution\", \"attributes\": {\"step\": null, \"low\": 2.0, \"high\": 4.0, \"log\": false}}"}
{"op_code":5,"worker_id":"f63e3029-b1de-4c93-aaf2-a2949156b832-139754104414336","trial_id":12,"param_name":"PlateauHeight","param_value_internal":3.7325812542990118,"distribution":"{\"name\": \"FloatDistribution\", \"attributes\": {\"step\": null, \"low\": 2.0, \"high\": 4.0, \"log\": false}}"}
{"op_code":6,"worker_id":"f63e3029-b1de-4c93-aaf2-a2949156b832-139754104414336","trial_id":12,"state":1,"values":[-Infinity,-Infinity],"datetime_complete":"2026-06-09T10:00:51.088635"}
{"op_code":4,"worker_id":"f63e3029-b1de-4c93-aaf2-a2949156b832-139754104414336","study_id":0,"datetime_start":"2026-06-09T10:00:51.090114"}
{"op_code":9,"worker_id":"f63e3029-b1de-4c93-aaf2-a2949156b832-139754104414336","trial_id":13,"system_attr":{"nsga2:generation":0}}
{"op_code":5,"worker_id":"f63e3029-b1de-4c93-aaf2-a2949156b832-139754104414336","trial_id":13,"param_name":"JointSlopeAngle","param_value_internal":0.7043903432894766,"distribution":"{\"name\": \"FloatDistribution\", \"attributes\": {\"step\": null, \"low\": 0.17453292519943295, \"high\": 1.0471975511965976, \"log\": false}}"}
{"op_code":5,"worker_id":"f63e3029-b1de-4c93-aaf2-a2949156b832-139754104414336","trial_id":13,"param_name":"OuterRadius","param_value_internal":9.18841437025308,"distribution":"{\"name\": \"FloatDistribution\", \"attributes\": {\"step\": null, \"low\": 8.75, \"high\": 17.75, \"log\": false}}"}
{"op_code":5,"worker_id":"f63e3029-b1de-4c93-aaf2-a2949156b832-139754104414336","trial_id":13,"param_name":"JointHeight","param_value_internal":6.846946744280839,"distribution":"{\"name\": \"FloatDistribution\", \"attributes\": {\"step\": null, \"low\": 5.0, \"high\": 8.0, \"log\": false}}"}
{"op_code":5,"worker_id":"f63e3029-b1de-4c93-aaf2-a2949156b832-139754104414336","trial_id":13,"param_name":"CavityCorkThickness","param_value_internal":3.4619909356323246,"distribution":"{\"name\": \"FloatDistribution\", \"attributes\": {\"step\": null, \"low\": 2.0, \"high\": 5.0, \"log\": false}}"}
{"op_code":5,"worker_id":"f63e3029-b1de-4c93-aaf2-a2949156b832-139754104414336","trial_id":13,"param_name":"BellowHeight","param_value_internal":8.141590050569507,"distribution":"{\"name\": \"FloatDistribution\", \"attributes\": {\"step\": null, \"low\": 6.0, \"high\": 10.0, \"log\": false}}"}
{"op_code":5,"worker_id":"f63e3029-b1de-4c93-aaf2-a2949156b832-139754104414336","trial_id":13,"param_name":"WallThickness","param_value_internal":3.3284290334867745,"distribution":"{\"name\": \"FloatDistribution\", \"attributes\": {\"step\": null, \"low\": 2.0, \"high\": 4.0, \"log\": false}}"}
{"op_code":5,"worker_id":"f63e3029-b1de-4c93-aaf2-a2949156b832-139754104414336","trial_id":13,"param_name":"PlateauHeight","param_value_internal":3.004725581235509,"distribution":"{\"name\": \"FloatDistribution\", \"attributes\": {\"step\": null, \"low\": 2.0, \"high\": 4.0, \"log\": false}}"}
{"op_code":6,"worker_id":"f63e3029-b1de-4c93-aaf2-a2949156b832-139754104414336","trial_id":13,"state":1,"values":[-Infinity,-Infinity],"datetime_complete":"2026-06-09T10:00:51.181728"}
{"op_code":4,"worker_id":"f63e3029-b1de-4c93-aaf2-a2949156b832-139754104414336","study_id":0,"datetime_start":"2026-06-09T10:00:51.183786"}
{"op_code":9,"worker_id":"f63e3029-b1de-4c93-aaf2-a2949156b832-139754104414336","trial_id":14,"system_attr":{"nsga2:generation":0}}
{"op_code":5,"worker_id":"f63e3029-b1de-4c93-aaf2-a2949156b832-139754104414336","trial_id":14,"param_name":"JointSlopeAngle","param_value_internal":0.3404903879724349,"distribution":"{\"name\": \"FloatDistribution\", \"attributes\": {\"step\": null, \"low\": 0.17453292519943295, \"high\": 1.0471975511965976, \"log\": false}}"}
{"op_code":5,"worker_id":"f63e3029-b1de-4c93-aaf2-a2949156b832-139754104414336","trial_id":14,"param_name":"OuterRadius","param_value_internal":16.653276926837396,"distribution":"{\"name\": \"FloatDistribution\", \"attributes\": {\"step\": null, \"low\": 8.75, \"high\": 17.75, \"log\": false}}"}
{"op_code":5,"worker_id":"f63e3029-b1de-4c93-aaf2-a2949156b832-139754104414336","trial_id":14,"param_name":"JointHeight","param_value_internal":5.096384790656107,"distribution":"{\"name\": \"FloatDistribution\", \"attributes\": {\"step\": null, \"low\": 5.0, \"high\": 8.0, \"log\": false}}"}
{"op_code":5,"worker_id":"f63e3029-b1de-4c93-aaf2-a2949156b832-139754104414336","trial_id":14,"param_name":"CavityCorkThickness","param_value_internal":4.135848428965192,"distribution":"{\"name\": \"FloatDistribution\", \"attributes\": {\"step\": null, \"low\": 2.0, \"high\": 5.0, \"log\": false}}"}
{"op_code":5,"worker_id":"f63e3029-b1de-4c93-aaf2-a2949156b832-139754104414336","trial_id":14,"param_name":"BellowHeight","param_value_internal":8.744500971617644,"distribution":"{\"name\": \"FloatDistribution\", \"attributes\": {\"step\": null, \"low\": 6.0, \"high\": 10.0, \"log\": false}}"}
{"op_code":5,"worker_id":"f63e3029-b1de-4c93-aaf2-a2949156b832-139754104414336","trial_id":14,"param_name":"WallThickness","param_value_internal":3.815076911740125,"distribution":"{\"name\": \"FloatDistribution\", \"attributes\": {\"step\": null, \"low\": 2.0, \"high\": 4.0, \"log\": false}}"}
{"op_code":5,"worker_id":"f63e3029-b1de-4c93-aaf2-a2949156b832-139754104414336","trial_id":14,"param_name":"PlateauHeight","param_value_internal":3.369090985801048,"distribution":"{\"name\": \"FloatDistribution\", \"attributes\": {\"step\": null, \"low\": 2.0, \"high\": 4.0, \"log\": false}}"}
{"op_code":6,"worker_id":"f63e3029-b1de-4c93-aaf2-a2949156b832-139754104414336","trial_id":14,"state":1,"values":[-Infinity,-Infinity],"datetime_complete":"2026-06-09T10:00:51.276360"}
{"op_code":4,"worker_id":"f63e3029-b1de-4c93-aaf2-a2949156b832-139754104414336","study_id":0,"datetime_start":"2026-06-09T10:00:51.277721"}
{"op_code":9,"worker_id":"f63e3029-b1de-4c93-aaf2-a2949156b832-139754104414336","trial_id":15,"system_attr":{"nsga2:generation":0}}
{"op_code":5,"worker_id":"f63e3029-b1de-4c93-aaf2-a2949156b832-139754104414336","trial_id":15,"param_name":"JointSlopeAngle","param_value_internal":0.9076170403542017,"distribution":"{\"name\": \"FloatDistribution\", \"attributes\": {\"step\": null, \"low\": 0.17453292519943295, \"high\": 1.0471975511965976, \"log\": false}}"}
{"op_code":5,"worker_id":"f63e3029-b1de-4c93-aaf2-a2949156b832-139754104414336","trial_id":15,"param_name":"OuterRadius","param_value_internal":11.058205483721668,"distribution":"{\"name\": \"FloatDistribution\", \"attributes\": {\"step\": null, \"low\": 8.75, \"high\": 17.75, \"log\": false}}"}
{"op_code":5,"worker_id":"f63e3029-b1de-4c93-aaf2-a2949156b832-139754104414336","trial_id":15,"param_name":"JointHeight","param_value_internal":5.085700278583751,"distribution":"{\"name\": \"FloatDistribution\", \"attributes\": {\"step\": null, \"low\": 5.0, \"high\": 8.0, \"log\": false}}"}
{"op_code":5,"worker_id":"f63e3029-b1de-4c93-aaf2-a2949156b832-139754104414336","trial_id":15,"param_name":"CavityCorkThickness","param_value_internal":4.729322806381598,"distribution":"{\"name\": \"FloatDistribution\", \"attributes\": {\"step\": null, \"low\": 2.0, \"high\": 5.0, \"log\": false}}"}
{"op_code":5,"worker_id":"f63e3029-b1de-4c93-aaf2-a2949156b832-139754104414336","trial_id":15,"param_name":"BellowHeight","param_value_internal":9.589908929474126,"distribution":"{\"name\": \"FloatDistribution\", \"attributes\": {\"step\": null, \"low\": 6.0, \"high\": 10.0, \"log\": false}}"}
{"op_code":5,"worker_id":"f63e3029-b1de-4c93-aaf2-a2949156b832-139754104414336","trial_id":15,"param_name":"WallThickness","param_value_internal":2.3869831880243115,"distribution":"{\"name\": \"FloatDistribution\", \"attributes\": {\"step\": null, \"low\": 2.0, \"high\": 4.0, \"log\": false}}"}
{"op_code":5,"worker_id":"f63e3029-b1de-4c93-aaf2-a2949156b832-139754104414336","trial_id":15,"param_name":"PlateauHeight","param_value_internal":3.603455791909913,"distribution":"{\"name\": \"FloatDistribution\", \"attributes\": {\"step\": null, \"low\": 2.0, \"high\": 4.0, \"log\": false}}"}
{"op_code":6,"worker_id":"f63e3029-b1de-4c93-aaf2-a2949156b832-139754104414336","trial_id":15,"state":1,"values":[-Infinity,-Infinity],"datetime_complete":"2026-06-09T10:00:51.367720"}
{"op_code":4,"worker_id":"f63e3029-b1de-4c93-aaf2-a2949156b832-139754104414336","study_id":0,"datetime_start":"2026-06-09T10:00:51.369058"}
{"op_code":9,"worker_id":"f63e3029-b1de-4c93-aaf2-a2949156b832-139754104414336","trial_id":16,"system_attr":{"nsga2:generation":0}}
{"op_code":5,"worker_id":"f63e3029-b1de-4c93-aaf2-a2949156b832-139754104414336","trial_id":16,"param_name":"JointSlopeAngle","param_value_internal":0.7243047576609783,"distribution":"{\"name\": \"FloatDistribution\", \"attributes\": {\"step\": null, \"low\": 0.17453292519943295, \"high\": 1.0471975511965976, \"log\": false}}"}
{"op_code":5,"worker_id":"f63e3029-b1de-4c93-aaf2-a2949156b832-139754104414336","trial_id":16,"param_name":"OuterRadius","param_value_internal":17.28705068296739,"distribution":"{\"name\": \"FloatDistribution\", \"attributes\": {\"step\": null, \"low\": 8.75, \"high\": 17.75, \"log\": false}}"}
{"op_code":5,"worker_id":"f63e3029-b1de-4c93-aaf2-a2949156b832-139754104414336","trial_id":16,"param_name":"JointHeight","param_value_internal":7.923059463749533,"distribution":"{\"name\": \"FloatDistribution\", \"attributes\": {\"step\": null, \"low\": 5.0, \"high\": 8.0, \"log\": false}}"}
{"op_code":5,"worker_id":"f63e3029-b1de-4c93-aaf2-a2949156b832-139754104414336","trial_id":16,"param_name":"CavityCorkThickness","param_value_internal":3.3528214731209873,"distribution":"{\"name\": \"FloatDistribution\", \"attributes\": {\"step\": null, \"low\": 2.0, \"high\": 5.0, \"log\": false}}"}
{"op_code":5,"worker_id":"f63e3029-b1de-4c93-aaf2-a2949156b832-139754104414336","trial_id":16,"param_name":"BellowHeight","param_value_internal":8.267579668831443,"distribution":"{\"name\": \"FloatDistribution\", \"attributes\": {\"step\": null, \"low\": 6.0, \"high\": 10.0, \"log\": false}}"}
{"op_code":5,"worker_id":"f63e3029-b1de-4c93-aaf2-a2949156b832-139754104414336","trial_id":16,"param_name":"WallThickness","param_value_internal":2.2964368348914164,"distribution":"{\"name\": \"FloatDistribution\", \"attributes\": {\"step\": null, \"low\": 2.0, \"high\": 4.0, \"log\": false}}"}
{"op_code":5,"worker_id":"f63e3029-b1de-4c93-aaf2-a2949156b832-139754104414336","trial_id":16,"param_name":"PlateauHeight","param_value_internal":3.1228099801311435,"distribution":"{\"name\": \"FloatDistribution\", \"attributes\": {\"step\": null, \"low\": 2.0, \"high\": 4.0, \"log\": false}}"}
{"op_code":6,"worker_id":"f63e3029-b1de-4c93-aaf2-a2949156b832-139754104414336","trial_id":16,"state":1,"values":[-Infinity,-Infinity],"datetime_complete":"2026-06-09T10:00:51.460114"}
{"op_code":4,"worker_id":"f63e3029-b1de-4c93-aaf2-a2949156b832-139754104414336","study_id":0,"datetime_start":"2026-06-09T10:00:51.461603"}
{"op_code":9,"worker_id":"f63e3029-b1de-4c93-aaf2-a2949156b832-139754104414336","trial_id":17,"system_attr":{"nsga2:generation":0}}
{"op_code":5,"worker_id":"f63e3029-b1de-4c93-aaf2-a2949156b832-139754104414336","trial_id":17,"param_name":"JointSlopeAngle","param_value_internal":0.6907971355877844,"distribution":"{\"name\": \"FloatDistribution\", \"attributes\": {\"step\": null, \"low\": 0.17453292519943295, \"high\": 1.0471975511965976, \"log\": false}}"}
{"op_code":5,"worker_id":"f63e3029-b1de-4c93-aaf2-a2949156b832-139754104414336","trial_id":17,"param_name":"OuterRadius","param_value_internal":17.39282301261861,"distribution":"{\"name\": \"FloatDistribution\", \"attributes\": {\"step\": null, \"low\": 8.75, \"high\": 17.75, \"log\": false}}"}
{"op_code":5,"worker_id":"f63e3029-b1de-4c93-aaf2-a2949156b832-139754104414336","trial_id":17,"param_name":"JointHeight","param_value_internal":5.3518577412164845,"distribution":"{\"name\": \"FloatDistribution\", \"attributes\": {\"step\": null, \"low\": 5.0, \"high\": 8.0, \"log\": false}}"}
{"op_code":5,"worker_id":"f63e3029-b1de-4c93-aaf2-a2949156b832-139754104414336","trial_id":17,"param_name":"CavityCorkThickness","param_value_internal":2.827958362464491,"distribution":"{\"name\": \"FloatDistribution\", \"attributes\": {\"step\": null, \"low\": 2.0, \"high\": 5.0, \"log\": false}}"}
{"op_code":5,"worker_id":"f63e3029-b1de-4c93-aaf2-a2949156b832-139754104414336","trial_id":17,"param_name":"BellowHeight","param_value_internal":7.5027129278971145,"distribution":"{\"name\": \"FloatDistribution\", \"attributes\": {\"step\": null, \"low\": 6.0, \"high\": 10.0, \"log\": false}}"}
{"op_code":5,"worker_id":"f63e3029-b1de-4c93-aaf2-a2949156b832-139754104414336","trial_id":17,"param_name":"WallThickness","param_value_internal":2.304933063133455,"distribution":"{\"name\": \"FloatDistribution\", \"attributes\": {\"step\": null, \"low\": 2.0, \"high\": 4.0, \"log\": false}}"}
{"op_code":5,"worker_id":"f63e3029-b1de-4c93-aaf2-a2949156b832-139754104414336","trial_id":17,"param_name":"PlateauHeight","param_value_internal":2.5344523414112463,"distribution":"{\"name\": \"FloatDistribution\", \"attributes\": {\"step\": null, \"low\": 2.0, \"high\": 4.0, \"log\": false}}"}
{"op_code":6,"worker_id":"f63e3029-b1de-4c93-aaf2-a2949156b832-139754104414336","trial_id":17,"state":1,"values":[-Infinity,-Infinity],"datetime_complete":"2026-06-09T10:00:51.552353"}
{"op_code":4,"worker_id":"f63e3029-b1de-4c93-aaf2-a2949156b832-139754104414336","study_id":0,"datetime_start":"2026-06-09T10:00:51.553723"}
{"op_code":9,"worker_id":"f63e3029-b1de-4c93-aaf2-a2949156b832-139754104414336","trial_id":18,"system_attr":{"nsga2:generation":0}}
{"op_code":5,"worker_id":"f63e3029-b1de-4c93-aaf2-a2949156b832-139754104414336","trial_id":18,"param_name":"JointSlopeAngle","param_value_internal":0.5831527301480378,"distribution":"{\"name\": \"FloatDistribution\", \"attributes\": {\"step\": null, \"low\": 0.17453292519943295, \"high\": 1.0471975511965976, \"log\": false}}"}
{"op_code":5,"worker_id":"f63e3029-b1de-4c93-aaf2-a2949156b832-139754104414336","trial_id":18,"param_name":"OuterRadius","param_value_internal":9.623475947896072,"distribution":"{\"name\": \"FloatDistribution\", \"attributes\": {\"step\": null, \"low\": 8.75, \"high\": 17.75, \"log\": false}}"}
{"op_code":5,"worker_id":"f63e3029-b1de-4c93-aaf2-a2949156b832-139754104414336","trial_id":18,"param_name":"JointHeight","param_value_internal":6.28352122077516,"distribution":"{\"name\": \"FloatDistribution\", \"attributes\": {\"step\": null, \"low\": 5.0, \"high\": 8.0, \"log\": false}}"}
{"op_code":5,"worker_id":"f63e3029-b1de-4c93-aaf2-a2949156b832-139754104414336","trial_id":18,"param_name":"CavityCorkThickness","param_value_internal":2.7805432781988357,"distribution":"{\"name\": \"FloatDistribution\", \"attributes\": {\"step\": null, \"low\": 2.0, \"high\": 5.0, \"log\": false}}"}
{"op_code":5,"worker_id":"f63e3029-b1de-4c93-aaf2-a2949156b832-139754104414336","trial_id":18,"param_name":"BellowHeight","param_value_internal":6.152194103301995,"distribution":"{\"name\": \"FloatDistribution\", \"attributes\": {\"step\": null, \"low\": 6.0, \"high\": 10.0, \"log\": false}}"}
{"op_code":5,"worker_id":"f63e3029-b1de-4c93-aaf2-a2949156b832-139754104414336","trial_id":18,"param_name":"WallThickness","param_value_internal":3.1748939850440863,"distribution":"{\"name\": \"FloatDistribution\", \"attributes\": {\"step\": null, \"low\": 2.0, \"high\": 4.0, \"log\": false}}"}
{"op_code":5,"worker_id":"f63e3029-b1de-4c93-aaf2-a2949156b832-139754104414336","trial_id":18,"param_name":"PlateauHeight","param_value_internal":3.8107176449018323,"distribution":"{\"name\": \"FloatDistribution\", \"attributes\": {\"step\": null, \"low\": 2.0, \"high\": 4.0, \"log\": false}}"}
{"op_code":6,"worker_id":"f63e3029-b1de-4c93-aaf2-a2949156b832-139754104414336","trial_id":18,"state":1,"values":[-Infinity,-Infinity],"datetime_complete":"2026-06-09T10:00:51.644065"}
{"op_code":4,"worker_id":"f63e3029-b1de-4c93-aaf2-a2949156b832-139754104414336","study_id":0,"datetime_start":"2026-06-09T10:00:51.645696"}
{"op_code":9,"worker_id":"f63e3029-b1de-4c93-aaf2-a2949156b832-139754104414336","trial_id":19,"system_attr":{"nsga2:generation":0}}
{"op_code":5,"worker_id":"f63e3029-b1de-4c93-aaf2-a2949156b832-139754104414336","trial_id":19,"param_name":"JointSlopeAngle","param_value_internal":0.8978702343799639,"distribution":"{\"name\": \"FloatDistribution\", \"attributes\": {\"step\": null, \"low\": 0.17453292519943295, \"high\": 1.0471975511965976, \"log\": false}}"}
{"op_code":5,"worker_id":"f63e3029-b1de-4c93-aaf2-a2949156b832-139754104414336","trial_id":19,"param_name":"OuterRadius","param_value_internal":12.781303009981915,"distribution":"{\"name\": \"FloatDistribution\", \"attributes\": {\"step\": null, \"low\": 8.75, \"high\": 17.75, \"log\": false}}"}
{"op_code":5,"worker_id":"f63e3029-b1de-4c93-aaf2-a2949156b832-139754104414336","trial_id":19,"param_name":"JointHeight","param_value_internal":6.704134037985464,"distribution":"{\"name\": \"FloatDistribution\", \"attributes\": {\"step\": null, \"low\": 5.0, \"high\": 8.0, \"log\": false}}"}
{"op_code":5,"worker_id":"f63e3029-b1de-4c93-aaf2-a2949156b832-139754104414336","trial_id":19,"param_name":"CavityCorkThickness","param_value_internal":4.819870477293571,"distribution":"{\"name\": \"FloatDistribution\", \"attributes\": {\"step\": null, \"low\": 2.0, \"high\": 5.0, \"log\": false}}"}
{"op_code":5,"worker_id":"f63e3029-b1de-4c93-aaf2-a2949156b832-139754104414336","trial_id":19,"param_name":"BellowHeight","param_value_internal":7.042918469079503,"distribution":"{\"name\": \"FloatDistribution\", \"attributes\": {\"step\": null, \"low\": 6.0, \"high\": 10.0, \"log\": false}}"}
{"op_code":5,"worker_id":"f63e3029-b1de-4c93-aaf2-a2949156b832-139754104414336","trial_id":19,"param_name":"WallThickness","param_value_internal":3.5878123607632686,"distribution":"{\"name\": \"FloatDistribution\", \"attributes\": {\"step\": null, \"low\": 2.0, \"high\": 4.0, \"log\": false}}"}
{"op_code":5,"worker_id":"f63e3029-b1de-4c93-aaf2-a2949156b832-139754104414336","trial_id":19,"param_name":"PlateauHeight","param_value_internal":2.9563706361027027,"distribution":"{\"name\": \"FloatDistribution\", \"attributes\": {\"step\": null, \"low\": 2.0, \"high\": 4.0, \"log\": false}}"}
{"op_code":6,"worker_id":"f63e3029-b1de-4c93-aaf2-a2949156b832-139754104414336","trial_id":19,"state":1,"values":[-Infinity,-Infinity],"datetime_complete":"2026-06-09T10:00:51.738185"}
{"op_code":4,"worker_id":"f63e3029-b1de-4c93-aaf2-a2949156b832-139754104414336","study_id":0,"datetime_start":"2026-06-09T10:00:51.739564"}
{"op_code":9,"worker_id":"f63e3029-b1de-4c93-aaf2-a2949156b832-139754104414336","trial_id":20,"system_attr":{"nsga2:generation":0}}
{"op_code":5,"worker_id":"f63e3029-b1de-4c93-aaf2-a2949156b832-139754104414336","trial_id":20,"param_name":"JointSlopeAngle","param_value_internal":0.5788821953973076,"distribution":"{\"name\": \"FloatDistribution\", \"attributes\": {\"step\": null, \"low\": 0.17453292519943295, \"high\": 1.0471975511965976, \"log\": false}}"}
{"op_code":5,"worker_id":"f63e3029-b1de-4c93-aaf2-a2949156b832-139754104414336","trial_id":20,"param_name":"OuterRadius","param_value_internal":16.75508679347316,"distribution":"{\"name\": \"FloatDistribution\", \"attributes\": {\"step\": null, \"low\": 8.75, \"high\": 17.75, \"log\": false}}"}
{"op_code":5,"worker_id":"f63e3029-b1de-4c93-aaf2-a2949156b832-139754104414336","trial_id":20,"param_name":"JointHeight","param_value_internal":6.551645762325785,"distribution":"{\"name\": \"FloatDistribution\", \"attributes\": {\"step\": null, \"low\": 5.0, \"high\": 8.0, \"log\": false}}"}
{"op_code":5,"worker_id":"f63e3029-b1de-4c93-aaf2-a2949156b832-139754104414336","trial_id":20,"param_name":"CavityCorkThickness","param_value_internal":3.589409469566812,"distribution":"{\"name\": \"FloatDistribution\", \"attributes\": {\"step\": null, \"low\": 2.0, \"high\": 5.0, \"log\": false}}"}
{"op_code":5,"worker_id":"f63e3029-b1de-4c93-aaf2-a2949156b832-139754104414336","trial_id":20,"param_name":"BellowHeight","param_value_internal":9.714073471021548,"distribution":"{\"name\": \"FloatDistribution\", \"attributes\": {\"step\": null, \"low\": 6.0, \"high\": 10.0, \"log\": false}}"}
{"op_code":5,"worker_id":"f63e3029-b1de-4c93-aaf2-a2949156b832-139754104414336","trial_id":20,"param_name":"WallThickness","param_value_internal":2.0491781084472667,"distribution":"{\"name\": \"FloatDistribution\", \"attributes\": {\"step\": null, \"low\": 2.0, \"high\": 4.0, \"log\": false}}"}
{"op_code":5,"worker_id":"f63e3029-b1de-4c93-aaf2-a2949156b832-139754104414336","trial_id":20,"param_name":"PlateauHeight","param_value_internal":3.0339038634046185,"distribution":"{\"name\": \"FloatDistribution\", \"attributes\": {\"step\": null, \"low\": 2.0, \"high\": 4.0, \"log\": false}}"}
{"op_code":6,"worker_id":"f63e3029-b1de-4c93-aaf2-a2949156b832-139754104414336","trial_id":20,"state":1,"values":[-Infinity,-Infinity],"datetime_complete":"2026-06-09T10:00:51.831070"}
{"op_code":4,"worker_id":"f63e3029-b1de-4c93-aaf2-a2949156b832-139754104414336","study_id":0,"datetime_start":"2026-06-09T10:00:51.832851"}
{"op_code":9,"worker_id":"f63e3029-b1de-4c93-aaf2-a2949156b832-139754104414336","trial_id":21,"system_attr":{"nsga2:generation":0}}
{"op_code":5,"worker_id":"f63e3029-b1de-4c93-aaf2-a2949156b832-139754104414336","trial_id":21,"param_name":"JointSlopeAngle","param_value_internal":0.4077404501364577,"distribution":"{\"name\": \"FloatDistribution\", \"attributes\": {\"step\": null, \"low\": 0.17453292519943295, \"high\": 1.0471975511965976, \"log\": false}}"}
{"op_code":5,"worker_id":"f63e3029-b1de-4c93-aaf2-a2949156b832-139754104414336","trial_id":21,"param_name":"OuterRadius","param_value_internal":10.051681533084327,"distribution":"{\"name\": \"FloatDistribution\", \"attributes\": {\"step\": null, \"low\": 8.75, \"high\": 17.75, \"log\": false}}"}
{"op_code":5,"worker_id":"f63e3029-b1de-4c93-aaf2-a2949156b832-139754104414336","trial_id":21,"param_name":"JointHeight","param_value_internal":5.88602557046355,"distribution":"{\"name\": \"FloatDistribution\", \"attributes\": {\"step\": null, \"low\": 5.0, \"high\": 8.0, \"log\": false}}"}
{"op_code":5,"worker_id":"f63e3029-b1de-4c93-aaf2-a2949156b832-139754104414336","trial_id":21,"param_name":"CavityCorkThickness","param_value_internal":2.7331862667418494,"distribution":"{\"name\": \"FloatDistribution\", \"attributes\": {\"step\": null, \"low\": 2.0, \"high\": 5.0, \"log\": false}}"}
{"op_code":5,"worker_id":"f63e3029-b1de-4c93-aaf2-a2949156b832-139754104414336","trial_id":21,"param_name":"BellowHeight","param_value_internal":7.668772520596888,"distribution":"{\"name\": \"FloatDistribution\", \"attributes\": {\"step\": null, \"low\": 6.0, \"high\": 10.0, \"log\": false}}"}
{"op_code":5,"worker_id":"f63e3029-b1de-4c93-aaf2-a2949156b832-139754104414336","trial_id":21,"param_name":"WallThickness","param_value_internal":2.6557341878057343,"distribution":"{\"name\": \"FloatDistribution\", \"attributes\": {\"step\": null, \"low\": 2.0, \"high\": 4.0, \"log\": false}}"}
{"op_code":5,"worker_id":"f63e3029-b1de-4c93-aaf2-a2949156b832-139754104414336","trial_id":21,"param_name":"PlateauHeight","param_value_internal":2.9519334992784234,"distribution":"{\"name\": \"FloatDistribution\", \"attributes\": {\"step\": null, \"low\": 2.0, \"high\": 4.0, \"log\": false}}"}
{"op_code":6,"worker_id":"f63e3029-b1de-4c93-aaf2-a2949156b832-139754104414336","trial_id":21,"state":1,"values":[-Infinity,-Infinity],"datetime_complete":"2026-06-09T10:00:51.922004"}
{"op_code":0,"worker_id":"0c94e755-8ae8-42f3-9983-4beec3b34440-139754104414336","study_name":"SensorFinger_0_optuna_evolutionary","directions":[2,2]}
{"op_code":0,"worker_id":"0c94e755-8ae8-42f3-9983-4beec3b34440-139754104414336","study_name":"SensorFinger_0_optuna_evolutionary","directions":[2,2]}
{"op_code":0,"worker_id":"607f5116-9333-4335-a67a-9ad8c815ff89-139754104414336","study_name":"SensorFinger_0_optuna_evolutionary","directions":[2,2]}
{"op_code":0,"worker_id":"607f5116-9333-4335-a67a-9ad8c815ff89-139754104414336","study_name":"SensorFinger_0_optuna_evolutionary","directions":[2,2]}
{"op_code":0,"worker_id":"c2906a99-91a2-4f26-a20f-f57e656a0d61-140088428462208","study_name":"SensorFinger_0_optuna_evolutionary","directions":[2,2]}
{"op_code":0,"worker_id":"c2906a99-91a2-4f26-a20f-f57e656a0d61-140088428462208","study_name":"SensorFinger_0_optuna_evolutionary","directions":[2,2]}
{"op_code":4,"worker_id":"c2906a99-91a2-4f26-a20f-f57e656a0d61-140088428462208","study_id":0,"datetime_start":"2026-06-09T10:01:44.102017"}
{"op_code":9,"worker_id":"c2906a99-91a2-4f26-a20f-f57e656a0d61-140088428462208","trial_id":22,"system_attr":{"nsga2:generation":0}}
{"op_code":5,"worker_id":"c2906a99-91a2-4f26-a20f-f57e656a0d61-140088428462208","trial_id":22,"param_name":"JointSlopeAngle","param_value_internal":1.0005522705066388,"distribution":"{\"name\": \"FloatDistribution\", \"attributes\": {\"step\": null, \"low\": 0.17453292519943295, \"high\": 1.0471975511965976, \"log\": false}}"}
{"op_code":5,"worker_id":"c2906a99-91a2-4f26-a20f-f57e656a0d61-140088428462208","trial_id":22,"param_name":"OuterRadius","param_value_internal":15.8205586761296,"distribution":"{\"name\": \"FloatDistribution\", \"attributes\": {\"step\": null, \"low\": 8.75, \"high\": 17.75, \"log\": false}}"}
{"op_code":5,"worker_id":"c2906a99-91a2-4f26-a20f-f57e656a0d61-140088428462208","trial_id":22,"param_name":"JointHeight","param_value_internal":5.276425011523882,"distribution":"{\"name\": \"FloatDistribution\", \"attributes\": {\"step\": null, \"low\": 5.0, \"high\": 8.0, \"log\": false}}"}
{"op_code":5,"worker_id":"c2906a99-91a2-4f26-a20f-f57e656a0d61-140088428462208","trial_id":22,"param_name":"CavityCorkThickness","param_value_internal":3.147704772519031,"distribution":"{\"name\": \"FloatDistribution\", \"attributes\": {\"step\": null, \"low\": 2.0, \"high\": 5.0, \"log\": false}}"}
{"op_code":5,"worker_id":"c2906a99-91a2-4f26-a20f-f57e656a0d61-140088428462208","trial_id":22,"param_name":"BellowHeight","param_value_internal":9.134989147584267,"distribution":"{\"name\": \"FloatDistribution\", \"attributes\": {\"step\": null, \"low\": 6.0, \"high\": 10.0, \"log\": false}}"}
{"op_code":5,"worker_id":"c2906a99-91a2-4f26-a20f-f57e656a0d61-140088428462208","trial_id":22,"param_name":"WallThickness","param_value_internal":2.052592834090257,"distribution":"{\"name\": \"FloatDistribution\", \"attributes\": {\"step\": null, \"low\": 2.0, \"high\": 4.0, \"log\": false}}"}
{"op_code":5,"worker_id":"c2906a99-91a2-4f26-a20f-f57e656a0d61-140088428462208","trial_id":22,"param_name":"PlateauHeight","param_value_internal":2.3419758446574273,"distribution":"{\"name\": \"FloatDistribution\", \"attributes\": {\"step\": null, \"low\": 2.0, \"high\": 4.0, \"log\": false}}"}
{"op_code":6,"worker_id":"c2906a99-91a2-4f26-a20f-f57e656a0d61-140088428462208","trial_id":22,"state":1,"values":[-Infinity,-Infinity],"datetime_complete":"2026-06-09T10:01:54.228034"}
{"op_code":4,"worker_id":"c2906a99-91a2-4f26-a20f-f57e656a0d61-140088428462208","study_id":0,"datetime_start":"2026-06-09T10:01:54.229752"}
{"op_code":9,"worker_id":"c2906a99-91a2-4f26-a20f-f57e656a0d61-140088428462208","trial_id":23,"system_attr":{"nsga2:generation":0}}
{"op_code":5,"worker_id":"c2906a99-91a2-4f26-a20f-f57e656a0d61-140088428462208","trial_id":23,"param_name":"JointSlopeAngle","param_value_internal":0.8257268105992164,"distribution":"{\"name\": \"FloatDistribution\", \"attributes\": {\"step\": null, \"low\": 0.17453292519943295, \"high\": 1.0471975511965976, \"log\": false}}"}
{"op_code":5,"worker_id":"c2906a99-91a2-4f26-a20f-f57e656a0d61-140088428462208","trial_id":23,"param_name":"OuterRadius","param_value_internal":11.52504720555392,"distribution":"{\"name\": \"FloatDistribution\", \"attributes\": {\"step\": null, \"low\": 8.75, \"high\": 17.75, \"log\": false}}"}
{"op_code":5,"worker_id":"c2906a99-91a2-4f26-a20f-f57e656a0d61-140088428462208","trial_id":23,"param_name":"JointHeight","param_value_internal":6.541752010983913,"distribution":"{\"name\": \"FloatDistribution\", \"attributes\": {\"step\": null, \"low\": 5.0, \"high\": 8.0, \"log\": false}}"}
{"op_code":5,"worker_id":"c2906a99-91a2-4f26-a20f-f57e656a0d61-140088428462208","trial_id":23,"param_name":"CavityCorkThickness","param_value_internal":2.327319848535131,"distribution":"{\"name\": \"FloatDistribution\", \"attributes\": {\"step\": null, \"low\": 2.0, \"high\": 5.0, \"log\": false}}"}
{"op_code":5,"worker_id":"c2906a99-91a2-4f26-a20f-f57e656a0d61-140088428462208","trial_id":23,"param_name":"BellowHeight","param_value_internal":6.548416542585361,"distribution":"{\"name\": \"FloatDistribution\", \"attributes\": {\"step\": null, \"low\": 6.0, \"high\": 10.0, \"log\": false}}"}
{"op_code":5,"worker_id":"c2906a99-91a2-4f26-a20f-f57e656a0d61-140088428462208","trial_id":23,"param_name":"WallThickness","param_value_internal":2.4303630916613574,"distribution":"{\"name\": \"FloatDistribution\", \"attributes\": {\"step\": null, \"low\": 2.0, \"high\": 4.0, \"log\": false}}"}
{"op_code":5,"worker_id":"c2906a99-91a2-4f26-a20f-f57e656a0d61-140088428462208","trial_id":23,"param_name":"PlateauHeight","param_value_internal":2.1400804595467022,"distribution":"{\"name\": \"FloatDistribution\", \"attributes\": {\"step\": null, \"low\": 2.0, \"high\": 4.0, \"log\": false}}"}
{"op_code":6,"worker_id":"c2906a99-91a2-4f26-a20f-f57e656a0d61-140088428462208","trial_id":23,"state":1,"values":[464.2772710329539,0.34493055192682986],"datetime_complete":"2026-06-09T10:01:55.276538"}
{"op_code":4,"worker_id":"c2906a99-91a2-4f26-a20f-f57e656a0d61-140088428462208","study_id":0,"datetime_start":"2026-06-09T10:01:55.278323"}
{"op_code":9,"worker_id":"c2906a99-91a2-4f26-a20f-f57e656a0d61-140088428462208","trial_id":24,"system_attr":{"nsga2:generation":0}}
{"op_code":5,"worker_id":"c2906a99-91a2-4f26-a20f-f57e656a0d61-140088428462208","trial_id":24,"param_name":"JointSlopeAngle","param_value_internal":0.7238274937369428,"distribution":"{\"name\": \"FloatDistribution\", \"attributes\": {\"step\": null, \"low\": 0.17453292519943295, \"high\": 1.0471975511965976, \"log\": false}}"}
{"op_code":5,"worker_id":"c2906a99-91a2-4f26-a20f-f57e656a0d61-140088428462208","trial_id":24,"param_name":"OuterRadius","param_value_internal":17.160243543426354,"distribution":"{\"name\": \"FloatDistribution\", \"attributes\": {\"step\": null, \"low\": 8.75, \"high\": 17.75, \"log\": false}}"}
{"op_code":5,"worker_id":"c2906a99-91a2-4f26-a20f-f57e656a0d61-140088428462208","trial_id":24,"param_name":"JointHeight","param_value_internal":7.74512750869473,"distribution":"{\"name\": \"FloatDistribution\", \"attributes\": {\"step\": null, \"low\": 5.0, \"high\": 8.0, \"log\": false}}"}
{"op_code":5,"worker_id":"c2906a99-91a2-4f26-a20f-f57e656a0d61-140088428462208","trial_id":24,"param_name":"CavityCorkThickness","param_value_internal":3.8588280814998193,"distribution":"{\"name\": \"FloatDistribution\", \"attributes\": {\"step\": null, \"low\": 2.0, \"high\": 5.0, \"log\": false}}"}
{"op_code":5,"worker_id":"c2906a99-91a2-4f26-a20f-f57e656a0d61-140088428462208","trial_id":24,"param_name":"BellowHeight","param_value_internal":9.44072514759269,"distribution":"{\"name\": \"FloatDistribution\", \"attributes\": {\"step\": null, \"low\": 6.0, \"high\": 10.0, \"log\": false}}"}
{"op_code":5,"worker_id":"c2906a99-91a2-4f26-a20f-f57e656a0d61-140088428462208","trial_id":24,"param_name":"WallThickness","param_value_internal":3.7866831661384133,"distribution":"{\"name\": \"FloatDistribution\", \"attributes\": {\"step\": null, \"low\": 2.0, \"high\": 4.0, \"log\": false}}"}
{"op_code":5,"worker_id":"c2906a99-91a2-4f26-a20f-f57e656a0d61-140088428462208","trial_id":24,"param_name":"PlateauHeight","param_value_internal":2.2693218147221157,"distribution":"{\"name\": \"FloatDistribution\", \"attributes\": {\"step\": null, \"low\": 2.0, \"high\": 4.0, \"log\": false}}"}
{"op_code":6,"worker_id":"c2906a99-91a2-4f26-a20f-f57e656a0d61-140088428462208","trial_id":24,"state":1,"values":[985.281509113129,0.36609381636085075],"datetime_complete":"2026-06-09T10:01:56.473946"}
{"op_code":4,"worker_id":"c2906a99-91a2-4f26-a20f-f57e656a0d61-140088428462208","study_id":0,"datetime_start":"2026-06-09T10:01:56.475772"}
{"op_code":9,"worker_id":"c2906a99-91a2-4f26-a20f-f57e656a0d61-140088428462208","trial_id":25,"system_attr":{"nsga2:generation":0}}
{"op_code":5,"worker_id":"c2906a99-91a2-4f26-a20f-f57e656a0d61-140088428462208","trial_id":25,"param_name":"JointSlopeAngle","param_value_internal":0.28809705908306993,"distribution":"{\"name\": \"FloatDistribution\", \"attributes\": {\"step\": null, \"low\": 0.17453292519943295, \"high\": 1.0471975511965976, \"log\": false}}"}
{"op_code":5,"worker_id":"c2906a99-91a2-4f26-a20f-f57e656a0d61-140088428462208","trial_id":25,"param_name":"OuterRadius","param_value_internal":9.43143742917723,"distribution":"{\"name\": \"FloatDistribution\", \"attributes\": {\"step\": null, \"low\": 8.75, \"high\": 17.75, \"log\": false}}"}
{"op_code":5,"worker_id":"c2906a99-91a2-4f26-a20f-f57e656a0d61-140088428462208","trial_id":25,"param_name":"JointHeight","param_value_internal":7.473392351788622,"distribution":"{\"name\": \"FloatDistribution\", \"attributes\": {\"step\": null, \"low\": 5.0, \"high\": 8.0, \"log\": false}}"}
{"op_code":5,"worker_id":"c2906a99-91a2-4f26-a20f-f57e656a0d61-140088428462208","trial_id":25,"param_name":"CavityCorkThickness","param_value_internal":3.993858447363518,"distribution":"{\"name\": \"FloatDistribution\", \"attributes\": {\"step\": null, \"low\": 2.0, \"high\": 5.0, \"log\": false}}"}
{"op_code":5,"worker_id":"c2906a99-91a2-4f26-a20f-f57e656a0d61-140088428462208","trial_id":25,"param_name":"BellowHeight","param_value_internal":8.316797828221514,"distribution":"{\"name\": \"FloatDistribution\", \"attributes\": {\"step\": null, \"low\": 6.0, \"high\": 10.0, \"log\": false}}"}
{"op_code":5,"worker_id":"c2906a99-91a2-4f26-a20f-f57e656a0d61-140088428462208","trial_id":25,"param_name":"WallThickness","param_value_internal":3.420002397401328,"distribution":"{\"name\": \"FloatDistribution\", \"attributes\": {\"step\": null, \"low\": 2.0, \"high\": 4.0, \"log\": false}}"}
{"op_code":5,"worker_id":"c2906a99-91a2-4f26-a20f-f57e656a0d61-140088428462208","trial_id":25,"param_name":"PlateauHeight","param_value_internal":2.3998040333016615,"distribution":"{\"name\": \"FloatDistribution\", \"attributes\": {\"step\": null, \"low\": 2.0, \"high\": 4.0, \"log\": false}}"}
{"op_code":6,"worker_id":"c2906a99-91a2-4f26-a20f-f57e656a0d61-140088428462208","trial_id":25,"state":1,"values":[91.61563554850828,0.35896325933366185],"datetime_complete":"2026-06-09T10:01:57.362065"}
{"op_code":4,"worker_id":"c2906a99-91a2-4f26-a20f-f57e656a0d61-140088428462208","study_id":0,"datetime_start":"2026-06-09T10:01:57.371014"}
{"op_code":9,"worker_id":"c2906a99-91a2-4f26-a20f-f57e656a0d61-140088428462208","trial_id":26,"system_attr":{"nsga2:generation":0}}
{"op_code":5,"worker_id":"c2906a99-91a2-4f26-a20f-f57e656a0d61-140088428462208","trial_id":26,"param_name":"JointSlopeAngle","param_value_internal":0.6563573113077706,"distribution":"{\"name\": \"FloatDistribution\", \"attributes\": {\"step\": null, \"low\": 0.17453292519943295, \"high\": 1.0471975511965976, \"log\": false}}"}
{"op_code":5,"worker_id":"c2906a99-91a2-4f26-a20f-f57e656a0d61-140088428462208","trial_id":26,"param_name":"OuterRadius","param_value_internal":9.738908563105289,"distribution":"{\"name\": \"FloatDistribution\", \"attributes\": {\"step\": null, \"low\": 8.75, \"high\": 17.75, \"log\": false}}"}
{"op_code":5,"worker_id":"c2906a99-91a2-4f26-a20f-f57e656a0d61-140088428462208","trial_id":26,"param_name":"JointHeight","param_value_internal":5.163583427598413,"distribution":"{\"name\": \"FloatDistribution\", \"attributes\": {\"step\": null, \"low\": 5.0, \"high\": 8.0, \"log\": false}}"}
{"op_code":5,"worker_id":"c2906a99-91a2-4f26-a20f-f57e656a0d61-140088428462208","trial_id":26,"param_name":"CavityCorkThickness","param_value_internal":2.444741678084781,"distribution":"{\"name\": \"FloatDistribution\", \"attributes\": {\"step\": null, \"low\": 2.0, \"high\": 5.0, \"log\": false}}"}
{"op_code":5,"worker_id":"c2906a99-91a2-4f26-a20f-f57e656a0d61-140088428462208","trial_id":26,"param_name":"BellowHeight","param_value_internal":6.777480984339727,"distribution":"{\"name\": \"FloatDistribution\", \"attributes\": {\"step\": null, \"low\": 6.0, \"high\": 10.0, \"log\": false}}"}
{"op_code":5,"worker_id":"c2906a99-91a2-4f26-a20f-f57e656a0d61-140088428462208","trial_id":26,"param_name":"WallThickness","param_value_internal":2.631611191558139,"distribution":"{\"name\": \"FloatDistribution\", \"attributes\": {\"step\": null, \"low\": 2.0, \"high\": 4.0, \"log\": false}}"}
{"op_code":5,"worker_id":"c2906a99-91a2-4f26-a20f-f57e656a0d61-140088428462208","trial_id":26,"param_name":"PlateauHeight","param_value_internal":2.8333690686144566,"distribution":"{\"name\": \"FloatDistribution\", \"attributes\": {\"step\": null, \"low\": 2.0, \"high\": 4.0, \"log\": false}}"}
{"op_code":6,"worker_id":"c2906a99-91a2-4f26-a20f-f57e656a0d61-140088428462208","trial_id":26,"state":1,"values":[284.3728998633008,0.344602126451345],"datetime_complete":"2026-06-09T10:01:58.338358"}
{"op_code":4,"worker_id":"c2906a99-91a2-4f26-a20f-f57e656a0d61-140088428462208","study_id":0,"datetime_start":"2026-06-09T10:01:58.340152"}
{"op_code":9,"worker_id":"c2906a99-91a2-4f26-a20f-f57e656a0d61-140088428462208","trial_id":27,"system_attr":{"nsga2:generation":0}}
{"op_code":5,"worker_id":"c2906a99-91a2-4f26-a20f-f57e656a0d61-140088428462208","trial_id":27,"param_name":"JointSlopeAngle","param_value_internal":0.525206897937652,"distribution":"{\"name\": \"FloatDistribution\", \"attributes\": {\"step\": null, \"low\": 0.17453292519943295, \"high\": 1.0471975511965976, \"log\": false}}"}
{"op_code":5,"worker_id":"c2906a99-91a2-4f26-a20f-f57e656a0d61-140088428462208","trial_id":27,"param_name":"OuterRadius","param_value_internal":16.94457404699064,"distribution":"{\"name\": \"FloatDistribution\", \"attributes\": {\"step\": null, \"low\": 8.75, \"high\": 17.75, \"log\": false}}"}
{"op_code":5,"worker_id":"c2906a99-91a2-4f26-a20f-f57e656a0d61-140088428462208","trial_id":27,"param_name":"JointHeight","param_value_internal":7.786907924250263,"distribution":"{\"name\": \"FloatDistribution\", \"attributes\": {\"step\": null, \"low\": 5.0, \"high\": 8.0, \"log\": false}}"}
{"op_code":5,"worker_id":"c2906a99-91a2-4f26-a20f-f57e656a0d61-140088428462208","trial_id":27,"param_name":"CavityCorkThickness","param_value_internal":2.3293281491230333,"distribution":"{\"name\": \"FloatDistribution\", \"attributes\": {\"step\": null, \"low\": 2.0, \"high\": 5.0, \"log\": false}}"}
{"op_code":5,"worker_id":"c2906a99-91a2-4f26-a20f-f57e656a0d61-140088428462208","trial_id":27,"param_name":"BellowHeight","param_value_internal":6.992573361155742,"distribution":"{\"name\": \"FloatDistribution\", \"attributes\": {\"step\": null, \"low\": 6.0, \"high\": 10.0, \"log\": false}}"}
{"op_code":5,"worker_id":"c2906a99-91a2-4f26-a20f-f57e656a0d61-140088428462208","trial_id":27,"param_name":"WallThickness","param_value_internal":3.296680479699249,"distribution":"{\"name\": \"FloatDistribution\", \"attributes\": {\"step\": null, \"low\": 2.0, \"high\": 4.0, \"log\": false}}"}
{"op_code":5,"worker_id":"c2906a99-91a2-4f26-a20f-f57e656a0d61-140088428462208","trial_id":27,"param_name":"PlateauHeight","param_value_internal":3.4217388594764273,"distribution":"{\"name\": \"FloatDistribution\", \"attributes\": {\"step\": null, \"low\": 2.0, \"high\": 4.0, \"log\": false}}"}
{"op_code":6,"worker_id":"c2906a99-91a2-4f26-a20f-f57e656a0d61-140088428462208","trial_id":27,"state":1,"values":[1222.98110062806,0.3580538830601123],"datetime_complete":"2026-06-09T10:01:59.673275"}
{"op_code":4,"worker_id":"c2906a99-91a2-4f26-a20f-f57e656a0d61-140088428462208","study_id":0,"datetime_start":"2026-06-09T10:01:59.675277"}
{"op_code":9,"worker_id":"c2906a99-91a2-4f26-a20f-f57e656a0d61-140088428462208","trial_id":28,"system_attr":{"nsga2:generation":0}}
{"op_code":5,"worker_id":"c2906a99-91a2-4f26-a20f-f57e656a0d61-140088428462208","trial_id":28,"param_name":"JointSlopeAngle","param_value_internal":0.9339012582650317,"distribution":"{\"name\": \"FloatDistribution\", \"attributes\": {\"step\": null, \"low\": 0.17453292519943295, \"high\": 1.0471975511965976, \"log\": false}}"}
{"op_code":5,"worker_id":"c2906a99-91a2-4f26-a20f-f57e656a0d61-140088428462208","trial_id":28,"param_name":"OuterRadius","param_value_internal":14.662751519685184,"distribution":"{\"name\": \"FloatDistribution\", \"attributes\": {\"step\": null, \"low\": 8.75, \"high\": 17.75, \"log\": false}}"}
{"op_code":5,"worker_id":"c2906a99-91a2-4f26-a20f-f57e656a0d61-140088428462208","trial_id":28,"param_name":"JointHeight","param_value_internal":5.595073141591599,"distribution":"{\"name\": \"FloatDistribution\", \"attributes\": {\"step\": null, \"low\": 5.0, \"high\": 8.0, \"log\": false}}"}
{"op_code":5,"worker_id":"c2906a99-91a2-4f26-a20f-f57e656a0d61-140088428462208","trial_id":28,"param_name":"CavityCorkThickness","param_value_internal":4.624620981779124,"distribution":"{\"name\": \"FloatDistribution\", \"attributes\": {\"step\": null, \"low\": 2.0, \"high\": 5.0, \"log\": false}}"}
{"op_code":5,"worker_id":"c2906a99-91a2-4f26-a20f-f57e656a0d61-140088428462208","trial_id":28,"param_name":"BellowHeight","param_value_internal":9.201022870116208,"distribution":"{\"name\": \"FloatDistribution\", \"attributes\": {\"step\": null, \"low\": 6.0, \"high\": 10.0, \"log\": false}}"}
{"op_code":5,"worker_id":"c2906a99-91a2-4f26-a20f-f57e656a0d61-140088428462208","trial_id":28,"param_name":"WallThickness","param_value_internal":2.921202942549454,"distribution":"{\"name\": \"FloatDistribution\", \"attributes\": {\"step\": null, \"low\": 2.0, \"high\": 4.0, \"log\": false}}"}
{"op_code":5,"worker_id":"c2906a99-91a2-4f26-a20f-f57e656a0d61-140088428462208","trial_id":28,"param_name":"PlateauHeight","param_value_internal":2.0335892587542483,"distribution":"{\"name\": \"FloatDistribution\", \"attributes\": {\"step\": null, \"low\": 2.0, \"high\": 4.0, \"log\": false}}"}
{"op_code":6,"worker_id":"c2906a99-91a2-4f26-a20f-f57e656a0d61-140088428462208","trial_id":28,"state":1,"values":[603.6553288916615,0.33427889580757103],"datetime_complete":"2026-06-09T10:02:00.712713"}
{"op_code":4,"worker_id":"c2906a99-91a2-4f26-a20f-f57e656a0d61-140088428462208","study_id":0,"datetime_start":"2026-06-09T10:02:00.714740"}
{"op_code":9,"worker_id":"c2906a99-91a2-4f26-a20f-f57e656a0d61-140088428462208","trial_id":29,"system_attr":{"nsga2:generation":0}}
{"op_code":5,"worker_id":"c2906a99-91a2-4f26-a20f-f57e656a0d61-140088428462208","trial_id":29,"param_name":"JointSlopeAngle","param_value_internal":0.1830087777365006,"distribution":"{\"name\": \"FloatDistribution\", \"attributes\": {\"step\": null, \"low\": 0.17453292519943295, \"high\": 1.0471975511965976, \"log\": false}}"}
{"op_code":5,"worker_id":"c2906a99-91a2-4f26-a20f-f57e656a0d61-140088428462208","trial_id":29,"param_name":"OuterRadius","param_value_internal":10.545494176267308,"distribution":"{\"name\": \"FloatDistribution\", \"attributes\": {\"step\": null, \"low\": 8.75, \"high\": 17.75, \"log\": false}}"}
{"op_code":5,"worker_id":"c2906a99-91a2-4f26-a20f-f57e656a0d61-140088428462208","trial_id":29,"param_name":"JointHeight","param_value_internal":5.632654203614523,"distribution":"{\"name\": \"FloatDistribution\", \"attributes\": {\"step\": null, \"low\": 5.0, \"high\": 8.0, \"log\": false}}"}
{"op_code":5,"worker_id":"c2906a99-91a2-4f26-a20f-f57e656a0d61-140088428462208","trial_id":29,"param_name":"CavityCorkThickness","param_value_internal":3.447413536217266,"distribution":"{\"name\": \"FloatDistribution\", \"attributes\": {\"step\": null, \"low\": 2.0, \"high\": 5.0, \"log\": false}}"}
{"op_code":5,"worker_id":"c2906a99-91a2-4f26-a20f-f57e656a0d61-140088428462208","trial_id":29,"param_name":"BellowHeight","param_value_internal":6.72327498478991,"distribution":"{\"name\": \"FloatDistribution\", \"attributes\": {\"step\": null, \"low\": 6.0, \"high\": 10.0, \"log\": false}}"}
{"op_code":5,"worker_id":"c2906a99-91a2-4f26-a20f-f57e656a0d61-140088428462208","trial_id":29,"param_name":"WallThickness","param_value_internal":3.1997107045676163,"distribution":"{\"name\": \"FloatDistribution\", \"attributes\": {\"step\": null, \"low\": 2.0, \"high\": 4.0, \"log\": false}}"}
{"op_code":5,"worker_id":"c2906a99-91a2-4f26-a20f-f57e656a0d61-140088428462208","trial_id":29,"param_name":"PlateauHeight","param_value_internal":2.041427420040581,"distribution":"{\"name\": \"FloatDistribution\", \"attributes\": {\"step\": null, \"low\": 2.0, \"high\": 4.0, \"log\": false}}"}
{"op_code":6,"worker_id":"c2906a99-91a2-4f26-a20f-f57e656a0d61-140088428462208","trial_id":29,"state":1,"values":[190.76790821527973,0.36468240199854557],"datetime_complete":"2026-06-09T10:02:01.628788"}
{"op_code":4,"worker_id":"c2906a99-91a2-4f26-a20f-f57e656a0d61-140088428462208","study_id":0,"datetime_start":"2026-06-09T10:02:01.630900"}
{"op_code":9,"worker_id":"c2906a99-91a2-4f26-a20f-f57e656a0d61-140088428462208","trial_id":30,"system_attr":{"nsga2:generation":0}}
{"op_code":5,"worker_id":"c2906a99-91a2-4f26-a20f-f57e656a0d61-140088428462208","trial_id":30,"param_name":"JointSlopeAngle","param_value_internal":0.50393546440791,"distribution":"{\"name\": \"FloatDistribution\", \"attributes\": {\"step\": null, \"low\": 0.17453292519943295, \"high\": 1.0471975511965976, \"log\": false}}"}
{"op_code":5,"worker_id":"c2906a99-91a2-4f26-a20f-f57e656a0d61-140088428462208","trial_id":30,"param_name":"OuterRadius","param_value_internal":11.730549935781742,"distribution":"{\"name\": \"FloatDistribution\", \"attributes\": {\"step\": null, \"low\": 8.75, \"high\": 17.75, \"log\": false}}"}
{"op_code":5,"worker_id":"c2906a99-91a2-4f26-a20f-f57e656a0d61-140088428462208","trial_id":30,"param_name":"JointHeight","param_value_internal":7.172776699845844,"distribution":"{\"name\": \"FloatDistribution\", \"attributes\": {\"step\": null, \"low\": 5.0, \"high\": 8.0, \"log\": false}}"}
{"op_code":5,"worker_id":"c2906a99-91a2-4f26-a20f-f57e656a0d61-140088428462208","trial_id":30,"param_name":"CavityCorkThickness","param_value_internal":2.5471031937178115,"distribution":"{\"name\": \"FloatDistribution\", \"attributes\": {\"step\": null, \"low\": 2.0, \"high\": 5.0, \"log\": false}}"}
{"op_code":5,"worker_id":"c2906a99-91a2-4f26-a20f-f57e656a0d61-140088428462208","trial_id":30,"param_name":"BellowHeight","param_value_internal":7.755527979841788,"distribution":"{\"name\": \"FloatDistribution\", \"attributes\": {\"step\": null, \"low\": 6.0, \"high\": 10.0, \"log\": false}}"}
{"op_code":5,"worker_id":"c2906a99-91a2-4f26-a20f-f57e656a0d61-140088428462208","trial_id":30,"param_name":"WallThickness","param_value_internal":3.132858666553209,"distribution":"{\"name\": \"FloatDistribution\", \"attributes\": {\"step\": null, \"low\": 2.0, \"high\": 4.0, \"log\": false}}"}
{"op_code":5,"worker_id":"c2906a99-91a2-4f26-a20f-f57e656a0d61-140088428462208","trial_id":30,"param_name":"PlateauHeight","param_value_internal":2.5114224876528213,"distribution":"{\"name\": \"FloatDistribution\", \"attributes\": {\"step\": null, \"low\": 2.0, \"high\": 4.0, \"log\": false}}"}
{"op_code":6,"worker_id":"c2906a99-91a2-4f26-a20f-f57e656a0d61-140088428462208","trial_id":30,"state":1,"values":[435.3156946402077,0.3660577977297958],"datetime_complete":"2026-06-09T10:02:02.695772"}
{"op_code":4,"worker_id":"c2906a99-91a2-4f26-a20f-f57e656a0d61-140088428462208","study_id":0,"datetime_start":"2026-06-09T10:02:02.697774"}
{"op_code":9,"worker_id":"c2906a99-91a2-4f26-a20f-f57e656a0d61-140088428462208","trial_id":31,"system_attr":{"nsga2:generation":0}}
{"op_code":5,"worker_id":"c2906a99-91a2-4f26-a20f-f57e656a0d61-140088428462208","trial_id":31,"param_name":"JointSlopeAngle","param_value_internal":0.1747855028842809,"distribution":"{\"name\": \"FloatDistribution\", \"attributes\": {\"step\": null, \"low\": 0.17453292519943295, \"high\": 1.0471975511965976, \"log\": false}}"}
{"op_code":5,"worker_id":"c2906a99-91a2-4f26-a20f-f57e656a0d61-140088428462208","trial_id":31,"param_name":"OuterRadius","param_value_internal":14.885024802302972,"distribution":"{\"name\": \"FloatDistribution\", \"attributes\": {\"step\": null, \"low\": 8.75, \"high\": 17.75, \"log\": false}}"}
{"op_code":5,"worker_id":"c2906a99-91a2-4f26-a20f-f57e656a0d61-140088428462208","trial_id":31,"param_name":"JointHeight","param_value_internal":6.859280246316899,"distribution":"{\"name\": \"FloatDistribution\", \"attributes\": {\"step\": null, \"low\": 5.0, \"high\": 8.0, \"log\": false}}"}
{"op_code":5,"worker_id":"c2906a99-91a2-4f26-a20f-f57e656a0d61-140088428462208","trial_id":31,"param_name":"CavityCorkThickness","param_value_internal":3.180209971576936,"distribution":"{\"name\": \"FloatDistribution\", \"attributes\": {\"step\": null, \"low\": 2.0, \"high\": 5.0, \"log\": false}}"}
{"op_code":5,"worker_id":"c2906a99-91a2-4f26-a20f-f57e656a0d61-140088428462208","trial_id":31,"param_name":"BellowHeight","param_value_internal":6.542133926729417,"distribution":"{\"name\": \"FloatDistribution\", \"attributes\": {\"step\": null, \"low\": 6.0, \"high\": 10.0, \"log\": false}}"}
{"op_code":5,"worker_id":"c2906a99-91a2-4f26-a20f-f57e656a0d61-140088428462208","trial_id":31,"param_name":"WallThickness","param_value_internal":2.889921687930361,"distribution":"{\"name\": \"FloatDistribution\", \"attributes\": {\"step\": null, \"low\": 2.0, \"high\": 4.0, \"log\": false}}"}
{"op_code":5,"worker_id":"c2906a99-91a2-4f26-a20f-f57e656a0d61-140088428462208","trial_id":31,"param_name":"PlateauHeight","param_value_internal":2.6217034896506064,"distribution":"{\"name\": \"FloatDistribution\", \"attributes\": {\"step\": null, \"low\": 2.0, \"high\": 4.0, \"log\": false}}"}
{"op_code":6,"worker_id":"c2906a99-91a2-4f26-a20f-f57e656a0d61-140088428462208","trial_id":31,"state":1,"values":[708.6763474227367,0.35086587024263133],"datetime_complete":"2026-06-09T10:02:03.878360"}
{"op_code":0,"worker_id":"5d255631-64b2-41ae-9adb-eca753f7cf06-140088428462208","study_name":"SensorFinger_0_optuna_evolutionary","directions":[2,2]}
{"op_code":0,"worker_id":"5d255631-64b2-41ae-9adb-eca753f7cf06-140088428462208","study_name":"SensorFinger_0_optuna_evolutionary","directions":[2,2]}
{"op_code":0,"worker_id":"1d8612c8-d2f3-4993-8d19-60fafbb1ae25-140088428462208","study_name":"SensorFinger_0_optuna_evolutionary","directions":[2,2]}
{"op_code":0,"worker_id":"1d8612c8-d2f3-4993-8d19-60fafbb1ae25-140088428462208","study_name":"SensorFinger_0_optuna_evolutionary","directions":[2,2]}
